
-- THE COUTPUT OF THE STARTING LESSIONS ARE MISSING BEACUSE,
-- THE DATA THAT WAS THERE IN THE BIGGINIG IS NOT ACCESSIBLE FROM THE COMMAND 
-- PROMPT BEACUSE OF THE LARGE EXECUTION

mysql>
mysql>
mysql>
mysql>
mysql>
mysql> SELECT photos.id, photos.image_url, likes.user_id
    -> FROM photos
    -> INNER JOIN likes
    ->    ON likes.photo_id = photos.id;
+-----+------------------------+---------+
| id  | image_url              | user_id |
+-----+------------------------+---------+
|   1 | http://elijah.biz      |       2 |
|   1 | http://elijah.biz      |       5 |
|   1 | http://elijah.biz      |       9 |
|   1 | http://elijah.biz      |      10 |
|   1 | http://elijah.biz      |      11 |
|   1 | http://elijah.biz      |      14 |
|   1 | http://elijah.biz      |      19 |
|   1 | http://elijah.biz      |      21 |
|   1 | http://elijah.biz      |      24 |
|   1 | http://elijah.biz      |      35 |
|   1 | http://elijah.biz      |      36 |
|   1 | http://elijah.biz      |      41 |
|   1 | http://elijah.biz      |      46 |
|   1 | http://elijah.biz      |      47 |
|   1 | http://elijah.biz      |      54 |
|   1 | http://elijah.biz      |      55 |
|   1 | http://elijah.biz      |      57 |
|   1 | http://elijah.biz      |      66 |
|   1 | http://elijah.biz      |      69 |
|   1 | http://elijah.biz      |      71 |
|   1 | http://elijah.biz      |      75 |
|   1 | http://elijah.biz      |      76 |
|   1 | http://elijah.biz      |      78 |
|   1 | http://elijah.biz      |      82 |
|   1 | http://elijah.biz      |      91 |
|   2 | https://shanon.org     |       3 |
|   2 | https://shanon.org     |       5 |
|   2 | https://shanon.org     |       6 |
|   2 | https://shanon.org     |       8 |
|   2 | https://shanon.org     |      14 |
|   2 | https://shanon.org     |      17 |
|   2 | https://shanon.org     |      19 |
|   2 | https://shanon.org     |      21 |
|   2 | https://shanon.org     |      24 |
|   2 | https://shanon.org     |      26 |
|   2 | https://shanon.org     |      27 |
|   2 | https://shanon.org     |      30 |
|   2 | https://shanon.org     |      31 |
|   2 | https://shanon.org     |      33 |
|   2 | https://shanon.org     |      36 |
|   2 | https://shanon.org     |      38 |
|   2 | https://shanon.org     |      40 |
|   2 | https://shanon.org     |      41 |
|   2 | https://shanon.org     |      44 |
|   2 | https://shanon.org     |      52 |
|   2 | https://shanon.org     |      54 |
|   2 | https://shanon.org     |      56 |
|   2 | https://shanon.org     |      57 |
|   2 | https://shanon.org     |      62 |
|   2 | https://shanon.org     |      63 |
|   2 | https://shanon.org     |      66 |
|   2 | https://shanon.org     |      71 |
|   2 | https://shanon.org     |      75 |
|   2 | https://shanon.org     |      76 |
|   2 | https://shanon.org     |      82 |
|   2 | https://shanon.org     |      87 |
|   2 | https://shanon.org     |      91 |
|   2 | https://shanon.org     |      92 |
|   2 | https://shanon.org     |      94 |
|   2 | https://shanon.org     |      95 |
|   2 | https://shanon.org     |      96 |
|   3 | http://vicky.biz       |       4 |
|   3 | http://vicky.biz       |       5 |
|   3 | http://vicky.biz       |      12 |
|   3 | http://vicky.biz       |      14 |
|   3 | http://vicky.biz       |      15 |
|   3 | http://vicky.biz       |      20 |
|   3 | http://vicky.biz       |      21 |
|   3 | http://vicky.biz       |      24 |
|   3 | http://vicky.biz       |      27 |
|   3 | http://vicky.biz       |      28 |
|   3 | http://vicky.biz       |      33 |
|   3 | http://vicky.biz       |      36 |
|   3 | http://vicky.biz       |      37 |
|   3 | http://vicky.biz       |      41 |
|   3 | http://vicky.biz       |      42 |
|   3 | http://vicky.biz       |      43 |
|   3 | http://vicky.biz       |      44 |
|   3 | http://vicky.biz       |      46 |
|   3 | http://vicky.biz       |      50 |
|   3 | http://vicky.biz       |      52 |
|   3 | http://vicky.biz       |      54 |
|   3 | http://vicky.biz       |      57 |
|   3 | http://vicky.biz       |      60 |
|   3 | http://vicky.biz       |      61 |
|   3 | http://vicky.biz       |      65 |
|   3 | http://vicky.biz       |      66 |
|   3 | http://vicky.biz       |      69 |
|   3 | http://vicky.biz       |      70 |
|   3 | http://vicky.biz       |      71 |
|   3 | http://vicky.biz       |      75 |
|   3 | http://vicky.biz       |      76 |
|   3 | http://vicky.biz       |      82 |
|   3 | http://vicky.biz       |      87 |
|   3 | http://vicky.biz       |      91 |
|   3 | http://vicky.biz       |      93 |
|   3 | http://vicky.biz       |      95 |
|   3 | http://vicky.biz       |      99 |
|   3 | http://vicky.biz       |     100 |
|   4 | http://oleta.net       |       2 |
|   4 | http://oleta.net       |       4 |
|   4 | http://oleta.net       |       5 |
|   4 | http://oleta.net       |      10 |
|   4 | http://oleta.net       |      11 |
|   4 | http://oleta.net       |      12 |
|   4 | http://oleta.net       |      13 |
|   4 | http://oleta.net       |      14 |
|   4 | http://oleta.net       |      15 |
|   4 | http://oleta.net       |      17 |
|   4 | http://oleta.net       |      20 |
|   4 | http://oleta.net       |      21 |
|   4 | http://oleta.net       |      24 |
|   4 | http://oleta.net       |      28 |
|   4 | http://oleta.net       |      31 |
|   4 | http://oleta.net       |      36 |
|   4 | http://oleta.net       |      41 |
|   4 | http://oleta.net       |      43 |
|   4 | http://oleta.net       |      46 |
|   4 | http://oleta.net       |      52 |
|   4 | http://oleta.net       |      54 |
|   4 | http://oleta.net       |      56 |
|   4 | http://oleta.net       |      57 |
|   4 | http://oleta.net       |      62 |
|   4 | http://oleta.net       |      66 |
|   4 | http://oleta.net       |      70 |
|   4 | http://oleta.net       |      71 |
|   4 | http://oleta.net       |      72 |
|   4 | http://oleta.net       |      75 |
|   4 | http://oleta.net       |      76 |
|   4 | http://oleta.net       |      78 |
|   4 | http://oleta.net       |      84 |
|   4 | http://oleta.net       |      85 |
|   4 | http://oleta.net       |      87 |
|   4 | http://oleta.net       |      91 |
|   4 | http://oleta.net       |      92 |
|   4 | http://oleta.net       |      96 |
|   4 | http://oleta.net       |      99 |
|   5 | https://jennings.biz   |       4 |
|   5 | https://jennings.biz   |       5 |
|   5 | https://jennings.biz   |       6 |
|   5 | https://jennings.biz   |      11 |
|   5 | https://jennings.biz   |      14 |
|   5 | https://jennings.biz   |      17 |
|   5 | https://jennings.biz   |      21 |
|   5 | https://jennings.biz   |      24 |
|   5 | https://jennings.biz   |      26 |
|   5 | https://jennings.biz   |      28 |
|   5 | https://jennings.biz   |      32 |
|   5 | https://jennings.biz   |      33 |
|   5 | https://jennings.biz   |      36 |
|   5 | https://jennings.biz   |      37 |
|   5 | https://jennings.biz   |      41 |
|   5 | https://jennings.biz   |      42 |
|   5 | https://jennings.biz   |      43 |
|   5 | https://jennings.biz   |      44 |
|   5 | https://jennings.biz   |      47 |
|   5 | https://jennings.biz   |      54 |
|   5 | https://jennings.biz   |      55 |
|   5 | https://jennings.biz   |      57 |
|   5 | https://jennings.biz   |      66 |
|   5 | https://jennings.biz   |      71 |
|   5 | https://jennings.biz   |      75 |
|   5 | https://jennings.biz   |      76 |
|   5 | https://jennings.biz   |      78 |
|   5 | https://jennings.biz   |      82 |
|   5 | https://jennings.biz   |      91 |
|   5 | https://jennings.biz   |      92 |
|   5 | https://jennings.biz   |      99 |
|   6 | https://quinn.biz      |       4 |
|   6 | https://quinn.biz      |       5 |
|   6 | https://quinn.biz      |      14 |
|   6 | https://quinn.biz      |      16 |
|   6 | https://quinn.biz      |      19 |
|   6 | https://quinn.biz      |      21 |
|   6 | https://quinn.biz      |      24 |
|   6 | https://quinn.biz      |      27 |
|   6 | https://quinn.biz      |      30 |
|   6 | https://quinn.biz      |      31 |
|   6 | https://quinn.biz      |      32 |
|   6 | https://quinn.biz      |      36 |
|   6 | https://quinn.biz      |      38 |
|   6 | https://quinn.biz      |      41 |
|   6 | https://quinn.biz      |      43 |
|   6 | https://quinn.biz      |      46 |
|   6 | https://quinn.biz      |      54 |
|   6 | https://quinn.biz      |      57 |
|   6 | https://quinn.biz      |      61 |
|   6 | https://quinn.biz      |      62 |
|   6 | https://quinn.biz      |      66 |
|   6 | https://quinn.biz      |      69 |
|   6 | https://quinn.biz      |      71 |
|   6 | https://quinn.biz      |      75 |
|   6 | https://quinn.biz      |      76 |
|   6 | https://quinn.biz      |      85 |
|   6 | https://quinn.biz      |      87 |
|   6 | https://quinn.biz      |      91 |
|   6 | https://quinn.biz      |      93 |
|   6 | https://quinn.biz      |      94 |
|   6 | https://quinn.biz      |     100 |
|   7 | https://selina.name    |       3 |
|   7 | https://selina.name    |       4 |
|   7 | https://selina.name    |       5 |
|   7 | https://selina.name    |       9 |
|   7 | https://selina.name    |      12 |
|   7 | https://selina.name    |      14 |
|   7 | https://selina.name    |      16 |
|   7 | https://selina.name    |      19 |
|   7 | https://selina.name    |      21 |
|   7 | https://selina.name    |      24 |
|   7 | https://selina.name    |      26 |
|   7 | https://selina.name    |      27 |
|   7 | https://selina.name    |      31 |
|   7 | https://selina.name    |      35 |
|   7 | https://selina.name    |      36 |
|   7 | https://selina.name    |      37 |
|   7 | https://selina.name    |      39 |
|   7 | https://selina.name    |      41 |
|   7 | https://selina.name    |      43 |
|   7 | https://selina.name    |      44 |
|   7 | https://selina.name    |      50 |
|   7 | https://selina.name    |      54 |
|   7 | https://selina.name    |      55 |
|   7 | https://selina.name    |      57 |
|   7 | https://selina.name    |      63 |
|   7 | https://selina.name    |      66 |
|   7 | https://selina.name    |      71 |
|   7 | https://selina.name    |      72 |
|   7 | https://selina.name    |      73 |
|   7 | https://selina.name    |      75 |
|   7 | https://selina.name    |      76 |
|   7 | https://selina.name    |      84 |
|   7 | https://selina.name    |      87 |
|   7 | https://selina.name    |      91 |
|   7 | https://selina.name    |      92 |
|   7 | https://selina.name    |      93 |
|   7 | https://selina.name    |      98 |
|   7 | https://selina.name    |      99 |
|   8 | http://malvina.org     |       2 |
|   8 | http://malvina.org     |       5 |
|   8 | http://malvina.org     |      14 |
|   8 | http://malvina.org     |      16 |
|   8 | http://malvina.org     |      19 |
|   8 | http://malvina.org     |      21 |
|   8 | http://malvina.org     |      22 |
|   8 | http://malvina.org     |      24 |
|   8 | http://malvina.org     |      31 |
|   8 | http://malvina.org     |      32 |
|   8 | http://malvina.org     |      33 |
|   8 | http://malvina.org     |      35 |
|   8 | http://malvina.org     |      36 |
|   8 | http://malvina.org     |      37 |
|   8 | http://malvina.org     |      41 |
|   8 | http://malvina.org     |      52 |
|   8 | http://malvina.org     |      54 |
|   8 | http://malvina.org     |      57 |
|   8 | http://malvina.org     |      66 |
|   8 | http://malvina.org     |      70 |
|   8 | http://malvina.org     |      71 |
|   8 | http://malvina.org     |      73 |
|   8 | http://malvina.org     |      75 |
|   8 | http://malvina.org     |      76 |
|   8 | http://malvina.org     |      91 |
|   8 | http://malvina.org     |      92 |
|   8 | http://malvina.org     |      97 |
|   9 | https://branson.biz    |       2 |
|   9 | https://branson.biz    |       3 |
|   9 | https://branson.biz    |       5 |
|   9 | https://branson.biz    |       6 |
|   9 | https://branson.biz    |      14 |
|   9 | https://branson.biz    |      15 |
|   9 | https://branson.biz    |      16 |
|   9 | https://branson.biz    |      19 |
|   9 | https://branson.biz    |      21 |
|   9 | https://branson.biz    |      24 |
|   9 | https://branson.biz    |      26 |
|   9 | https://branson.biz    |      33 |
|   9 | https://branson.biz    |      36 |
|   9 | https://branson.biz    |      41 |
|   9 | https://branson.biz    |      48 |
|   9 | https://branson.biz    |      50 |
|   9 | https://branson.biz    |      54 |
|   9 | https://branson.biz    |      56 |
|   9 | https://branson.biz    |      57 |
|   9 | https://branson.biz    |      62 |
|   9 | https://branson.biz    |      66 |
|   9 | https://branson.biz    |      71 |
|   9 | https://branson.biz    |      73 |
|   9 | https://branson.biz    |      75 |
|   9 | https://branson.biz    |      76 |
|   9 | https://branson.biz    |      78 |
|   9 | https://branson.biz    |      79 |
|   9 | https://branson.biz    |      91 |
|   9 | https://branson.biz    |      95 |
|   9 | https://branson.biz    |      96 |
|   9 | https://branson.biz    |     100 |
|  10 | https://elenor.name    |       2 |
|  10 | https://elenor.name    |       4 |
|  10 | https://elenor.name    |       5 |
|  10 | https://elenor.name    |       9 |
|  10 | https://elenor.name    |      10 |
|  10 | https://elenor.name    |      14 |
|  10 | https://elenor.name    |      17 |
|  10 | https://elenor.name    |      19 |
|  10 | https://elenor.name    |      20 |
|  10 | https://elenor.name    |      21 |
|  10 | https://elenor.name    |      24 |
|  10 | https://elenor.name    |      26 |
|  10 | https://elenor.name    |      27 |
|  10 | https://elenor.name    |      28 |
|  10 | https://elenor.name    |      35 |
|  10 | https://elenor.name    |      36 |
|  10 | https://elenor.name    |      38 |
|  10 | https://elenor.name    |      41 |
|  10 | https://elenor.name    |      42 |
|  10 | https://elenor.name    |      44 |
|  10 | https://elenor.name    |      54 |
|  10 | https://elenor.name    |      57 |
|  10 | https://elenor.name    |      66 |
|  10 | https://elenor.name    |      70 |
|  10 | https://elenor.name    |      71 |
|  10 | https://elenor.name    |      75 |
|  10 | https://elenor.name    |      76 |
|  10 | https://elenor.name    |      79 |
|  10 | https://elenor.name    |      91 |
|  10 | https://elenor.name    |      95 |
|  11 | https://marcelino.com  |       2 |
|  11 | https://marcelino.com  |       5 |
|  11 | https://marcelino.com  |       6 |
|  11 | https://marcelino.com  |      10 |
|  11 | https://marcelino.com  |      14 |
|  11 | https://marcelino.com  |      17 |
|  11 | https://marcelino.com  |      20 |
|  11 | https://marcelino.com  |      21 |
|  11 | https://marcelino.com  |      24 |
|  11 | https://marcelino.com  |      28 |
|  11 | https://marcelino.com  |      33 |
|  11 | https://marcelino.com  |      35 |
|  11 | https://marcelino.com  |      36 |
|  11 | https://marcelino.com  |      41 |
|  11 | https://marcelino.com  |      42 |
|  11 | https://marcelino.com  |      44 |
|  11 | https://marcelino.com  |      46 |
|  11 | https://marcelino.com  |      50 |
|  11 | https://marcelino.com  |      54 |
|  11 | https://marcelino.com  |      57 |
|  11 | https://marcelino.com  |      61 |
|  11 | https://marcelino.com  |      66 |
|  11 | https://marcelino.com  |      67 |
|  11 | https://marcelino.com  |      70 |
|  11 | https://marcelino.com  |      71 |
|  11 | https://marcelino.com  |      75 |
|  11 | https://marcelino.com  |      76 |
|  11 | https://marcelino.com  |      78 |
|  11 | https://marcelino.com  |      79 |
|  11 | https://marcelino.com  |      91 |
|  11 | https://marcelino.com  |      93 |
|  11 | https://marcelino.com  |      96 |
|  11 | https://marcelino.com  |      97 |
|  12 | http://felicity.name   |       2 |
|  12 | http://felicity.name   |       5 |
|  12 | http://felicity.name   |      12 |
|  12 | http://felicity.name   |      13 |
|  12 | http://felicity.name   |      14 |
|  12 | http://felicity.name   |      20 |
|  12 | http://felicity.name   |      21 |
|  12 | http://felicity.name   |      24 |
|  12 | http://felicity.name   |      32 |
|  12 | http://felicity.name   |      36 |
|  12 | http://felicity.name   |      41 |
|  12 | http://felicity.name   |      43 |
|  12 | http://felicity.name   |      44 |
|  12 | http://felicity.name   |      47 |
|  12 | http://felicity.name   |      48 |
|  12 | http://felicity.name   |      50 |
|  12 | http://felicity.name   |      54 |
|  12 | http://felicity.name   |      56 |
|  12 | http://felicity.name   |      57 |
|  12 | http://felicity.name   |      60 |
|  12 | http://felicity.name   |      66 |
|  12 | http://felicity.name   |      67 |
|  12 | http://felicity.name   |      71 |
|  12 | http://felicity.name   |      72 |
|  12 | http://felicity.name   |      75 |
|  12 | http://felicity.name   |      76 |
|  12 | http://felicity.name   |      82 |
|  12 | http://felicity.name   |      91 |
|  12 | http://felicity.name   |      94 |
|  13 | https://fred.com       |       2 |
|  13 | https://fred.com       |       5 |
|  13 | https://fred.com       |       6 |
|  13 | https://fred.com       |      11 |
|  13 | https://fred.com       |      13 |
|  13 | https://fred.com       |      14 |
|  13 | https://fred.com       |      16 |
|  13 | https://fred.com       |      18 |
|  13 | https://fred.com       |      19 |
|  13 | https://fred.com       |      20 |
|  13 | https://fred.com       |      21 |
|  13 | https://fred.com       |      24 |
|  13 | https://fred.com       |      27 |
|  13 | https://fred.com       |      28 |
|  13 | https://fred.com       |      32 |
|  13 | https://fred.com       |      33 |
|  13 | https://fred.com       |      36 |
|  13 | https://fred.com       |      38 |
|  13 | https://fred.com       |      40 |
|  13 | https://fred.com       |      41 |
|  13 | https://fred.com       |      42 |
|  13 | https://fred.com       |      44 |
|  13 | https://fred.com       |      48 |
|  13 | https://fred.com       |      52 |
|  13 | https://fred.com       |      54 |
|  13 | https://fred.com       |      57 |
|  13 | https://fred.com       |      60 |
|  13 | https://fred.com       |      65 |
|  13 | https://fred.com       |      66 |
|  13 | https://fred.com       |      69 |
|  13 | https://fred.com       |      71 |
|  13 | https://fred.com       |      75 |
|  13 | https://fred.com       |      76 |
|  13 | https://fred.com       |      79 |
|  13 | https://fred.com       |      87 |
|  13 | https://fred.com       |      91 |
|  13 | https://fred.com       |      92 |
|  13 | https://fred.com       |      95 |
|  13 | https://fred.com       |      98 |
|  13 | https://fred.com       |      99 |
|  14 | https://gerhard.biz    |       5 |
|  14 | https://gerhard.biz    |      11 |
|  14 | https://gerhard.biz    |      13 |
|  14 | https://gerhard.biz    |      14 |
|  14 | https://gerhard.biz    |      16 |
|  14 | https://gerhard.biz    |      17 |
|  14 | https://gerhard.biz    |      19 |
|  14 | https://gerhard.biz    |      21 |
|  14 | https://gerhard.biz    |      24 |
|  14 | https://gerhard.biz    |      28 |
|  14 | https://gerhard.biz    |      31 |
|  14 | https://gerhard.biz    |      32 |
|  14 | https://gerhard.biz    |      33 |
|  14 | https://gerhard.biz    |      35 |
|  14 | https://gerhard.biz    |      36 |
|  14 | https://gerhard.biz    |      37 |
|  14 | https://gerhard.biz    |      38 |
|  14 | https://gerhard.biz    |      41 |
|  14 | https://gerhard.biz    |      42 |
|  14 | https://gerhard.biz    |      48 |
|  14 | https://gerhard.biz    |      54 |
|  14 | https://gerhard.biz    |      57 |
|  14 | https://gerhard.biz    |      61 |
|  14 | https://gerhard.biz    |      62 |
|  14 | https://gerhard.biz    |      66 |
|  14 | https://gerhard.biz    |      69 |
|  14 | https://gerhard.biz    |      71 |
|  14 | https://gerhard.biz    |      75 |
|  14 | https://gerhard.biz    |      76 |
|  14 | https://gerhard.biz    |      79 |
|  14 | https://gerhard.biz    |      84 |
|  14 | https://gerhard.biz    |      91 |
|  14 | https://gerhard.biz    |      92 |
|  14 | https://gerhard.biz    |      94 |
|  14 | https://gerhard.biz    |      98 |
|  15 | https://sherwood.net   |       2 |
|  15 | https://sherwood.net   |       5 |
|  15 | https://sherwood.net   |      10 |
|  15 | https://sherwood.net   |      14 |
|  15 | https://sherwood.net   |      15 |
|  15 | https://sherwood.net   |      16 |
|  15 | https://sherwood.net   |      19 |
|  15 | https://sherwood.net   |      20 |
|  15 | https://sherwood.net   |      21 |
|  15 | https://sherwood.net   |      24 |
|  15 | https://sherwood.net   |      26 |
|  15 | https://sherwood.net   |      27 |
|  15 | https://sherwood.net   |      28 |
|  15 | https://sherwood.net   |      32 |
|  15 | https://sherwood.net   |      36 |
|  15 | https://sherwood.net   |      41 |
|  15 | https://sherwood.net   |      42 |
|  15 | https://sherwood.net   |      47 |
|  15 | https://sherwood.net   |      50 |
|  15 | https://sherwood.net   |      54 |
|  15 | https://sherwood.net   |      56 |
|  15 | https://sherwood.net   |      57 |
|  15 | https://sherwood.net   |      66 |
|  15 | https://sherwood.net   |      70 |
|  15 | https://sherwood.net   |      71 |
|  15 | https://sherwood.net   |      72 |
|  15 | https://sherwood.net   |      75 |
|  15 | https://sherwood.net   |      76 |
|  15 | https://sherwood.net   |      79 |
|  15 | https://sherwood.net   |      91 |
|  15 | https://sherwood.net   |      93 |
|  15 | https://sherwood.net   |      98 |
|  15 | https://sherwood.net   |      99 |
|  15 | https://sherwood.net   |     100 |
|  16 | https://maudie.org     |       5 |
|  16 | https://maudie.org     |       8 |
|  16 | https://maudie.org     |      10 |
|  16 | https://maudie.org     |      14 |
|  16 | https://maudie.org     |      17 |
|  16 | https://maudie.org     |      20 |
|  16 | https://maudie.org     |      21 |
|  16 | https://maudie.org     |      22 |
|  16 | https://maudie.org     |      24 |
|  16 | https://maudie.org     |      30 |
|  16 | https://maudie.org     |      36 |
|  16 | https://maudie.org     |      37 |
|  16 | https://maudie.org     |      39 |
|  16 | https://maudie.org     |      40 |
|  16 | https://maudie.org     |      41 |
|  16 | https://maudie.org     |      42 |
|  16 | https://maudie.org     |      43 |
|  16 | https://maudie.org     |      44 |
|  16 | https://maudie.org     |      47 |
|  16 | https://maudie.org     |      52 |
|  16 | https://maudie.org     |      54 |
|  16 | https://maudie.org     |      56 |
|  16 | https://maudie.org     |      57 |
|  16 | https://maudie.org     |      60 |
|  16 | https://maudie.org     |      61 |
|  16 | https://maudie.org     |      66 |
|  16 | https://maudie.org     |      69 |
|  16 | https://maudie.org     |      71 |
|  16 | https://maudie.org     |      72 |
|  16 | https://maudie.org     |      73 |
|  16 | https://maudie.org     |      75 |
|  16 | https://maudie.org     |      76 |
|  16 | https://maudie.org     |      91 |
|  16 | https://maudie.org     |      93 |
|  16 | https://maudie.org     |      95 |
|  16 | https://maudie.org     |      96 |
|  16 | https://maudie.org     |     100 |
|  17 | http://annamae.name    |       4 |
|  17 | http://annamae.name    |       5 |
|  17 | http://annamae.name    |      11 |
|  17 | http://annamae.name    |      14 |
|  17 | http://annamae.name    |      16 |
|  17 | http://annamae.name    |      21 |
|  17 | http://annamae.name    |      24 |
|  17 | http://annamae.name    |      27 |
|  17 | http://annamae.name    |      28 |
|  17 | http://annamae.name    |      30 |
|  17 | http://annamae.name    |      36 |
|  17 | http://annamae.name    |      37 |
|  17 | http://annamae.name    |      41 |
|  17 | http://annamae.name    |      44 |
|  17 | http://annamae.name    |      48 |
|  17 | http://annamae.name    |      52 |
|  17 | http://annamae.name    |      54 |
|  17 | http://annamae.name    |      55 |
|  17 | http://annamae.name    |      57 |
|  17 | http://annamae.name    |      60 |
|  17 | http://annamae.name    |      61 |
|  17 | http://annamae.name    |      63 |
|  17 | http://annamae.name    |      65 |
|  17 | http://annamae.name    |      66 |
|  17 | http://annamae.name    |      71 |
|  17 | http://annamae.name    |      75 |
|  17 | http://annamae.name    |      76 |
|  17 | http://annamae.name    |      78 |
|  17 | http://annamae.name    |      79 |
|  17 | http://annamae.name    |      82 |
|  17 | http://annamae.name    |      91 |
|  17 | http://annamae.name    |      93 |
|  17 | http://annamae.name    |      94 |
|  17 | http://annamae.name    |      97 |
|  17 | http://annamae.name    |      98 |
|  17 | http://annamae.name    |      99 |
|  18 | https://mac.org        |       5 |
|  18 | https://mac.org        |      10 |
|  18 | https://mac.org        |      12 |
|  18 | https://mac.org        |      14 |
|  18 | https://mac.org        |      18 |
|  18 | https://mac.org        |      21 |
|  18 | https://mac.org        |      22 |
|  18 | https://mac.org        |      24 |
|  18 | https://mac.org        |      31 |
|  18 | https://mac.org        |      36 |
|  18 | https://mac.org        |      41 |
|  18 | https://mac.org        |      46 |
|  18 | https://mac.org        |      47 |
|  18 | https://mac.org        |      48 |
|  18 | https://mac.org        |      54 |
|  18 | https://mac.org        |      57 |
|  18 | https://mac.org        |      61 |
|  18 | https://mac.org        |      62 |
|  18 | https://mac.org        |      66 |
|  18 | https://mac.org        |      71 |
|  18 | https://mac.org        |      73 |
|  18 | https://mac.org        |      75 |
|  18 | https://mac.org        |      76 |
|  18 | https://mac.org        |      82 |
|  18 | https://mac.org        |      84 |
|  18 | https://mac.org        |      85 |
|  18 | https://mac.org        |      87 |
|  18 | https://mac.org        |      91 |
|  18 | https://mac.org        |      95 |
|  18 | https://mac.org        |      96 |
|  18 | https://mac.org        |      98 |
|  19 | http://miracle.info    |       4 |
|  19 | http://miracle.info    |       5 |
|  19 | http://miracle.info    |       6 |
|  19 | http://miracle.info    |      10 |
|  19 | http://miracle.info    |      13 |
|  19 | http://miracle.info    |      14 |
|  19 | http://miracle.info    |      20 |
|  19 | http://miracle.info    |      21 |
|  19 | http://miracle.info    |      24 |
|  19 | http://miracle.info    |      28 |
|  19 | http://miracle.info    |      31 |
|  19 | http://miracle.info    |      36 |
|  19 | http://miracle.info    |      38 |
|  19 | http://miracle.info    |      40 |
|  19 | http://miracle.info    |      41 |
|  19 | http://miracle.info    |      42 |
|  19 | http://miracle.info    |      50 |
|  19 | http://miracle.info    |      52 |
|  19 | http://miracle.info    |      54 |
|  19 | http://miracle.info    |      55 |
|  19 | http://miracle.info    |      57 |
|  19 | http://miracle.info    |      60 |
|  19 | http://miracle.info    |      61 |
|  19 | http://miracle.info    |      62 |
|  19 | http://miracle.info    |      66 |
|  19 | http://miracle.info    |      69 |
|  19 | http://miracle.info    |      71 |
|  19 | http://miracle.info    |      72 |
|  19 | http://miracle.info    |      75 |
|  19 | http://miracle.info    |      76 |
|  19 | http://miracle.info    |      85 |
|  19 | http://miracle.info    |      91 |
|  19 | http://miracle.info    |      92 |
|  19 | http://miracle.info    |      94 |
|  19 | http://miracle.info    |      95 |
|  20 | http://emmet.com       |       4 |
|  20 | http://emmet.com       |       5 |
|  20 | http://emmet.com       |       9 |
|  20 | http://emmet.com       |      12 |
|  20 | http://emmet.com       |      14 |
|  20 | http://emmet.com       |      16 |
|  20 | http://emmet.com       |      17 |
|  20 | http://emmet.com       |      20 |
|  20 | http://emmet.com       |      21 |
|  20 | http://emmet.com       |      24 |
|  20 | http://emmet.com       |      28 |
|  20 | http://emmet.com       |      31 |
|  20 | http://emmet.com       |      36 |
|  20 | http://emmet.com       |      41 |
|  20 | http://emmet.com       |      44 |
|  20 | http://emmet.com       |      48 |
|  20 | http://emmet.com       |      54 |
|  20 | http://emmet.com       |      57 |
|  20 | http://emmet.com       |      63 |
|  20 | http://emmet.com       |      65 |
|  20 | http://emmet.com       |      66 |
|  20 | http://emmet.com       |      67 |
|  20 | http://emmet.com       |      69 |
|  20 | http://emmet.com       |      70 |
|  20 | http://emmet.com       |      71 |
|  20 | http://emmet.com       |      75 |
|  20 | http://emmet.com       |      76 |
|  20 | http://emmet.com       |      82 |
|  20 | http://emmet.com       |      85 |
|  20 | http://emmet.com       |      87 |
|  20 | http://emmet.com       |      91 |
|  20 | http://emmet.com       |      94 |
|  20 | http://emmet.com       |      96 |
|  20 | http://emmet.com       |      97 |
|  20 | http://emmet.com       |     100 |
|  21 | https://lisa.com       |       5 |
|  21 | https://lisa.com       |       9 |
|  21 | https://lisa.com       |      10 |
|  21 | https://lisa.com       |      14 |
|  21 | https://lisa.com       |      17 |
|  21 | https://lisa.com       |      18 |
|  21 | https://lisa.com       |      20 |
|  21 | https://lisa.com       |      21 |
|  21 | https://lisa.com       |      22 |
|  21 | https://lisa.com       |      24 |
|  21 | https://lisa.com       |      26 |
|  21 | https://lisa.com       |      33 |
|  21 | https://lisa.com       |      36 |
|  21 | https://lisa.com       |      37 |
|  21 | https://lisa.com       |      38 |
|  21 | https://lisa.com       |      40 |
|  21 | https://lisa.com       |      41 |
|  21 | https://lisa.com       |      43 |
|  21 | https://lisa.com       |      52 |
|  21 | https://lisa.com       |      54 |
|  21 | https://lisa.com       |      56 |
|  21 | https://lisa.com       |      57 |
|  21 | https://lisa.com       |      61 |
|  21 | https://lisa.com       |      63 |
|  21 | https://lisa.com       |      65 |
|  21 | https://lisa.com       |      66 |
|  21 | https://lisa.com       |      69 |
|  21 | https://lisa.com       |      71 |
|  21 | https://lisa.com       |      73 |
|  21 | https://lisa.com       |      75 |
|  21 | https://lisa.com       |      76 |
|  21 | https://lisa.com       |      82 |
|  21 | https://lisa.com       |      84 |
|  21 | https://lisa.com       |      91 |
|  21 | https://lisa.com       |      96 |
|  21 | https://lisa.com       |      97 |
|  22 | https://brooklyn.name  |       4 |
|  22 | https://brooklyn.name  |       5 |
|  22 | https://brooklyn.name  |       8 |
|  22 | https://brooklyn.name  |      13 |
|  22 | https://brooklyn.name  |      14 |
|  22 | https://brooklyn.name  |      16 |
|  22 | https://brooklyn.name  |      17 |
|  22 | https://brooklyn.name  |      21 |
|  22 | https://brooklyn.name  |      22 |
|  22 | https://brooklyn.name  |      24 |
|  22 | https://brooklyn.name  |      26 |
|  22 | https://brooklyn.name  |      30 |
|  22 | https://brooklyn.name  |      35 |
|  22 | https://brooklyn.name  |      36 |
|  22 | https://brooklyn.name  |      41 |
|  22 | https://brooklyn.name  |      46 |
|  22 | https://brooklyn.name  |      54 |
|  22 | https://brooklyn.name  |      57 |
|  22 | https://brooklyn.name  |      61 |
|  22 | https://brooklyn.name  |      66 |
|  22 | https://brooklyn.name  |      69 |
|  22 | https://brooklyn.name  |      71 |
|  22 | https://brooklyn.name  |      75 |
|  22 | https://brooklyn.name  |      76 |
|  22 | https://brooklyn.name  |      79 |
|  22 | https://brooklyn.name  |      91 |
|  22 | https://brooklyn.name  |      94 |
|  22 | https://brooklyn.name  |      97 |
|  23 | http://madison.net     |       2 |
|  23 | http://madison.net     |       3 |
|  23 | http://madison.net     |       5 |
|  23 | http://madison.net     |       9 |
|  23 | http://madison.net     |      12 |
|  23 | http://madison.net     |      14 |
|  23 | http://madison.net     |      15 |
|  23 | http://madison.net     |      21 |
|  23 | http://madison.net     |      22 |
|  23 | http://madison.net     |      24 |
|  23 | http://madison.net     |      30 |
|  23 | http://madison.net     |      36 |
|  23 | http://madison.net     |      37 |
|  23 | http://madison.net     |      38 |
|  23 | http://madison.net     |      41 |
|  23 | http://madison.net     |      42 |
|  23 | http://madison.net     |      46 |
|  23 | http://madison.net     |      50 |
|  23 | http://madison.net     |      54 |
|  23 | http://madison.net     |      55 |
|  23 | http://madison.net     |      57 |
|  23 | http://madison.net     |      66 |
|  23 | http://madison.net     |      69 |
|  23 | http://madison.net     |      70 |
|  23 | http://madison.net     |      71 |
|  23 | http://madison.net     |      73 |
|  23 | http://madison.net     |      75 |
|  23 | http://madison.net     |      76 |
|  23 | http://madison.net     |      78 |
|  23 | http://madison.net     |      79 |
|  23 | http://madison.net     |      85 |
|  23 | http://madison.net     |      87 |
|  23 | http://madison.net     |      91 |
|  23 | http://madison.net     |      92 |
|  23 | http://madison.net     |      94 |
|  23 | http://madison.net     |      95 |
|  23 | http://madison.net     |      96 |
|  23 | http://madison.net     |      98 |
|  24 | http://annie.name      |       4 |
|  24 | http://annie.name      |       5 |
|  24 | http://annie.name      |       6 |
|  24 | http://annie.name      |      14 |
|  24 | http://annie.name      |      15 |
|  24 | http://annie.name      |      16 |
|  24 | http://annie.name      |      18 |
|  24 | http://annie.name      |      19 |
|  24 | http://annie.name      |      21 |
|  24 | http://annie.name      |      24 |
|  24 | http://annie.name      |      32 |
|  24 | http://annie.name      |      33 |
|  24 | http://annie.name      |      36 |
|  24 | http://annie.name      |      41 |
|  24 | http://annie.name      |      42 |
|  24 | http://annie.name      |      46 |
|  24 | http://annie.name      |      47 |
|  24 | http://annie.name      |      50 |
|  24 | http://annie.name      |      54 |
|  24 | http://annie.name      |      56 |
|  24 | http://annie.name      |      57 |
|  24 | http://annie.name      |      60 |
|  24 | http://annie.name      |      61 |
|  24 | http://annie.name      |      66 |
|  24 | http://annie.name      |      67 |
|  24 | http://annie.name      |      69 |
|  24 | http://annie.name      |      71 |
|  24 | http://annie.name      |      73 |
|  24 | http://annie.name      |      75 |
|  24 | http://annie.name      |      76 |
|  24 | http://annie.name      |      84 |
|  24 | http://annie.name      |      87 |
|  24 | http://annie.name      |      91 |
|  24 | http://annie.name      |      92 |
|  24 | http://annie.name      |      98 |
|  25 | http://darron.info     |       2 |
|  25 | http://darron.info     |       5 |
|  25 | http://darron.info     |      10 |
|  25 | http://darron.info     |      13 |
|  25 | http://darron.info     |      14 |
|  25 | http://darron.info     |      15 |
|  25 | http://darron.info     |      16 |
|  25 | http://darron.info     |      17 |
|  25 | http://darron.info     |      19 |
|  25 | http://darron.info     |      21 |
|  25 | http://darron.info     |      22 |
|  25 | http://darron.info     |      24 |
|  25 | http://darron.info     |      27 |
|  25 | http://darron.info     |      32 |
|  25 | http://darron.info     |      35 |
|  25 | http://darron.info     |      36 |
|  25 | http://darron.info     |      41 |
|  25 | http://darron.info     |      44 |
|  25 | http://darron.info     |      46 |
|  25 | http://darron.info     |      54 |
|  25 | http://darron.info     |      57 |
|  25 | http://darron.info     |      60 |
|  25 | http://darron.info     |      61 |
|  25 | http://darron.info     |      66 |
|  25 | http://darron.info     |      69 |
|  25 | http://darron.info     |      71 |
|  25 | http://darron.info     |      75 |
|  25 | http://darron.info     |      76 |
|  25 | http://darron.info     |      78 |
|  25 | http://darron.info     |      84 |
|  25 | http://darron.info     |      91 |
|  25 | http://darron.info     |      92 |
|  25 | http://darron.info     |      94 |
|  25 | http://darron.info     |      95 |
|  25 | http://darron.info     |      98 |
|  25 | http://darron.info     |     100 |
|  26 | http://saige.com       |       3 |
|  26 | http://saige.com       |       5 |
|  26 | http://saige.com       |       8 |
|  26 | http://saige.com       |      14 |
|  26 | http://saige.com       |      15 |
|  26 | http://saige.com       |      16 |
|  26 | http://saige.com       |      21 |
|  26 | http://saige.com       |      22 |
|  26 | http://saige.com       |      24 |
|  26 | http://saige.com       |      26 |
|  26 | http://saige.com       |      27 |
|  26 | http://saige.com       |      36 |
|  26 | http://saige.com       |      41 |
|  26 | http://saige.com       |      47 |
|  26 | http://saige.com       |      52 |
|  26 | http://saige.com       |      54 |
|  26 | http://saige.com       |      56 |
|  26 | http://saige.com       |      57 |
|  26 | http://saige.com       |      61 |
|  26 | http://saige.com       |      65 |
|  26 | http://saige.com       |      66 |
|  26 | http://saige.com       |      70 |
|  26 | http://saige.com       |      71 |
|  26 | http://saige.com       |      73 |
|  26 | http://saige.com       |      75 |
|  26 | http://saige.com       |      76 |
|  26 | http://saige.com       |      78 |
|  26 | http://saige.com       |      87 |
|  26 | http://saige.com       |      91 |
|  26 | http://saige.com       |      92 |
|  27 | https://reece.net      |       2 |
|  27 | https://reece.net      |       5 |
|  27 | https://reece.net      |       9 |
|  27 | https://reece.net      |      10 |
|  27 | https://reece.net      |      11 |
|  27 | https://reece.net      |      14 |
|  27 | https://reece.net      |      19 |
|  27 | https://reece.net      |      20 |
|  27 | https://reece.net      |      21 |
|  27 | https://reece.net      |      24 |
|  27 | https://reece.net      |      26 |
|  27 | https://reece.net      |      36 |
|  27 | https://reece.net      |      37 |
|  27 | https://reece.net      |      39 |
|  27 | https://reece.net      |      41 |
|  27 | https://reece.net      |      43 |
|  27 | https://reece.net      |      48 |
|  27 | https://reece.net      |      54 |
|  27 | https://reece.net      |      57 |
|  27 | https://reece.net      |      60 |
|  27 | https://reece.net      |      65 |
|  27 | https://reece.net      |      66 |
|  27 | https://reece.net      |      67 |
|  27 | https://reece.net      |      71 |
|  27 | https://reece.net      |      75 |
|  27 | https://reece.net      |      76 |
|  27 | https://reece.net      |      84 |
|  27 | https://reece.net      |      85 |
|  27 | https://reece.net      |      91 |
|  27 | https://reece.net      |      96 |
|  27 | https://reece.net      |      99 |
|  28 | http://vance.org       |       3 |
|  28 | http://vance.org       |       5 |
|  28 | http://vance.org       |       6 |
|  28 | http://vance.org       |       9 |
|  28 | http://vance.org       |      12 |
|  28 | http://vance.org       |      13 |
|  28 | http://vance.org       |      14 |
|  28 | http://vance.org       |      17 |
|  28 | http://vance.org       |      19 |
|  28 | http://vance.org       |      20 |
|  28 | http://vance.org       |      21 |
|  28 | http://vance.org       |      24 |
|  28 | http://vance.org       |      26 |
|  28 | http://vance.org       |      27 |
|  28 | http://vance.org       |      30 |
|  28 | http://vance.org       |      35 |
|  28 | http://vance.org       |      36 |
|  28 | http://vance.org       |      40 |
|  28 | http://vance.org       |      41 |
|  28 | http://vance.org       |      43 |
|  28 | http://vance.org       |      44 |
|  28 | http://vance.org       |      50 |
|  28 | http://vance.org       |      52 |
|  28 | http://vance.org       |      54 |
|  28 | http://vance.org       |      57 |
|  28 | http://vance.org       |      60 |
|  28 | http://vance.org       |      65 |
|  28 | http://vance.org       |      66 |
|  28 | http://vance.org       |      69 |
|  28 | http://vance.org       |      71 |
|  28 | http://vance.org       |      72 |
|  28 | http://vance.org       |      75 |
|  28 | http://vance.org       |      76 |
|  28 | http://vance.org       |      79 |
|  28 | http://vance.org       |      91 |
|  28 | http://vance.org       |      94 |
|  29 | http://ignacio.net     |       3 |
|  29 | http://ignacio.net     |       4 |
|  29 | http://ignacio.net     |       5 |
|  29 | http://ignacio.net     |       6 |
|  29 | http://ignacio.net     |       8 |
|  29 | http://ignacio.net     |      12 |
|  29 | http://ignacio.net     |      14 |
|  29 | http://ignacio.net     |      16 |
|  29 | http://ignacio.net     |      21 |
|  29 | http://ignacio.net     |      24 |
|  29 | http://ignacio.net     |      26 |
|  29 | http://ignacio.net     |      28 |
|  29 | http://ignacio.net     |      35 |
|  29 | http://ignacio.net     |      36 |
|  29 | http://ignacio.net     |      38 |
|  29 | http://ignacio.net     |      41 |
|  29 | http://ignacio.net     |      43 |
|  29 | http://ignacio.net     |      46 |
|  29 | http://ignacio.net     |      54 |
|  29 | http://ignacio.net     |      57 |
|  29 | http://ignacio.net     |      60 |
|  29 | http://ignacio.net     |      65 |
|  29 | http://ignacio.net     |      66 |
|  29 | http://ignacio.net     |      69 |
|  29 | http://ignacio.net     |      70 |
|  29 | http://ignacio.net     |      71 |
|  29 | http://ignacio.net     |      73 |
|  29 | http://ignacio.net     |      75 |
|  29 | http://ignacio.net     |      76 |
|  29 | http://ignacio.net     |      87 |
|  29 | http://ignacio.net     |      91 |
|  29 | http://ignacio.net     |      93 |
|  29 | http://ignacio.net     |      94 |
|  30 | http://kenny.com       |       2 |
|  30 | http://kenny.com       |       3 |
|  30 | http://kenny.com       |       5 |
|  30 | http://kenny.com       |       6 |
|  30 | http://kenny.com       |       8 |
|  30 | http://kenny.com       |       9 |
|  30 | http://kenny.com       |      14 |
|  30 | http://kenny.com       |      16 |
|  30 | http://kenny.com       |      18 |
|  30 | http://kenny.com       |      21 |
|  30 | http://kenny.com       |      24 |
|  30 | http://kenny.com       |      27 |
|  30 | http://kenny.com       |      30 |
|  30 | http://kenny.com       |      32 |
|  30 | http://kenny.com       |      33 |
|  30 | http://kenny.com       |      35 |
|  30 | http://kenny.com       |      36 |
|  30 | http://kenny.com       |      38 |
|  30 | http://kenny.com       |      39 |
|  30 | http://kenny.com       |      41 |
|  30 | http://kenny.com       |      42 |
|  30 | http://kenny.com       |      47 |
|  30 | http://kenny.com       |      54 |
|  30 | http://kenny.com       |      55 |
|  30 | http://kenny.com       |      57 |
|  30 | http://kenny.com       |      63 |
|  30 | http://kenny.com       |      66 |
|  30 | http://kenny.com       |      67 |
|  30 | http://kenny.com       |      69 |
|  30 | http://kenny.com       |      70 |
|  30 | http://kenny.com       |      71 |
|  30 | http://kenny.com       |      72 |
|  30 | http://kenny.com       |      73 |
|  30 | http://kenny.com       |      75 |
|  30 | http://kenny.com       |      76 |
|  30 | http://kenny.com       |      85 |
|  30 | http://kenny.com       |      87 |
|  30 | http://kenny.com       |      91 |
|  30 | http://kenny.com       |      92 |
|  30 | http://kenny.com       |      98 |
|  30 | http://kenny.com       |     100 |
|  31 | http://remington.name  |       4 |
|  31 | http://remington.name  |       5 |
|  31 | http://remington.name  |       9 |
|  31 | http://remington.name  |      13 |
|  31 | http://remington.name  |      14 |
|  31 | http://remington.name  |      15 |
|  31 | http://remington.name  |      16 |
|  31 | http://remington.name  |      21 |
|  31 | http://remington.name  |      22 |
|  31 | http://remington.name  |      24 |
|  31 | http://remington.name  |      31 |
|  31 | http://remington.name  |      33 |
|  31 | http://remington.name  |      36 |
|  31 | http://remington.name  |      41 |
|  31 | http://remington.name  |      42 |
|  31 | http://remington.name  |      43 |
|  31 | http://remington.name  |      47 |
|  31 | http://remington.name  |      54 |
|  31 | http://remington.name  |      57 |
|  31 | http://remington.name  |      66 |
|  31 | http://remington.name  |      67 |
|  31 | http://remington.name  |      69 |
|  31 | http://remington.name  |      71 |
|  31 | http://remington.name  |      73 |
|  31 | http://remington.name  |      75 |
|  31 | http://remington.name  |      76 |
|  31 | http://remington.name  |      84 |
|  31 | http://remington.name  |      91 |
|  31 | http://remington.name  |      92 |
|  31 | http://remington.name  |      95 |
|  31 | http://remington.name  |      99 |
|  32 | http://kurtis.info     |       5 |
|  32 | http://kurtis.info     |       8 |
|  32 | http://kurtis.info     |      11 |
|  32 | http://kurtis.info     |      14 |
|  32 | http://kurtis.info     |      16 |
|  32 | http://kurtis.info     |      19 |
|  32 | http://kurtis.info     |      21 |
|  32 | http://kurtis.info     |      24 |
|  32 | http://kurtis.info     |      28 |
|  32 | http://kurtis.info     |      32 |
|  32 | http://kurtis.info     |      35 |
|  32 | http://kurtis.info     |      36 |
|  32 | http://kurtis.info     |      38 |
|  32 | http://kurtis.info     |      39 |
|  32 | http://kurtis.info     |      41 |
|  32 | http://kurtis.info     |      43 |
|  32 | http://kurtis.info     |      46 |
|  32 | http://kurtis.info     |      54 |
|  32 | http://kurtis.info     |      57 |
|  32 | http://kurtis.info     |      62 |
|  32 | http://kurtis.info     |      63 |
|  32 | http://kurtis.info     |      66 |
|  32 | http://kurtis.info     |      67 |
|  32 | http://kurtis.info     |      70 |
|  32 | http://kurtis.info     |      71 |
|  32 | http://kurtis.info     |      75 |
|  32 | http://kurtis.info     |      76 |
|  32 | http://kurtis.info     |      85 |
|  32 | http://kurtis.info     |      87 |
|  32 | http://kurtis.info     |      91 |
|  32 | http://kurtis.info     |      94 |
|  32 | http://kurtis.info     |      96 |
|  32 | http://kurtis.info     |      99 |
|  33 | https://alisha.com     |       5 |
|  33 | https://alisha.com     |      10 |
|  33 | https://alisha.com     |      11 |
|  33 | https://alisha.com     |      12 |
|  33 | https://alisha.com     |      14 |
|  33 | https://alisha.com     |      15 |
|  33 | https://alisha.com     |      21 |
|  33 | https://alisha.com     |      24 |
|  33 | https://alisha.com     |      30 |
|  33 | https://alisha.com     |      31 |
|  33 | https://alisha.com     |      35 |
|  33 | https://alisha.com     |      36 |
|  33 | https://alisha.com     |      38 |
|  33 | https://alisha.com     |      39 |
|  33 | https://alisha.com     |      40 |
|  33 | https://alisha.com     |      41 |
|  33 | https://alisha.com     |      46 |
|  33 | https://alisha.com     |      54 |
|  33 | https://alisha.com     |      57 |
|  33 | https://alisha.com     |      60 |
|  33 | https://alisha.com     |      61 |
|  33 | https://alisha.com     |      63 |
|  33 | https://alisha.com     |      65 |
|  33 | https://alisha.com     |      66 |
|  33 | https://alisha.com     |      71 |
|  33 | https://alisha.com     |      75 |
|  33 | https://alisha.com     |      76 |
|  33 | https://alisha.com     |      79 |
|  33 | https://alisha.com     |      91 |
|  34 | https://henderson.com  |       2 |
|  34 | https://henderson.com  |       5 |
|  34 | https://henderson.com  |      14 |
|  34 | https://henderson.com  |      17 |
|  34 | https://henderson.com  |      21 |
|  34 | https://henderson.com  |      22 |
|  34 | https://henderson.com  |      24 |
|  34 | https://henderson.com  |      26 |
|  34 | https://henderson.com  |      32 |
|  34 | https://henderson.com  |      35 |
|  34 | https://henderson.com  |      36 |
|  34 | https://henderson.com  |      40 |
|  34 | https://henderson.com  |      41 |
|  34 | https://henderson.com  |      46 |
|  34 | https://henderson.com  |      54 |
|  34 | https://henderson.com  |      57 |
|  34 | https://henderson.com  |      60 |
|  34 | https://henderson.com  |      66 |
|  34 | https://henderson.com  |      70 |
|  34 | https://henderson.com  |      71 |
|  34 | https://henderson.com  |      72 |
|  34 | https://henderson.com  |      73 |
|  34 | https://henderson.com  |      75 |
|  34 | https://henderson.com  |      76 |
|  34 | https://henderson.com  |      78 |
|  34 | https://henderson.com  |      85 |
|  34 | https://henderson.com  |      91 |
|  34 | https://henderson.com  |      92 |
|  34 | https://henderson.com  |      94 |
|  34 | https://henderson.com  |      96 |
|  34 | https://henderson.com  |      97 |
|  34 | https://henderson.com  |     100 |
|  35 | http://bonnie.info     |       5 |
|  35 | http://bonnie.info     |       8 |
|  35 | http://bonnie.info     |      14 |
|  35 | http://bonnie.info     |      15 |
|  35 | http://bonnie.info     |      20 |
|  35 | http://bonnie.info     |      21 |
|  35 | http://bonnie.info     |      24 |
|  35 | http://bonnie.info     |      31 |
|  35 | http://bonnie.info     |      33 |
|  35 | http://bonnie.info     |      35 |
|  35 | http://bonnie.info     |      36 |
|  35 | http://bonnie.info     |      38 |
|  35 | http://bonnie.info     |      40 |
|  35 | http://bonnie.info     |      41 |
|  35 | http://bonnie.info     |      42 |
|  35 | http://bonnie.info     |      43 |
|  35 | http://bonnie.info     |      44 |
|  35 | http://bonnie.info     |      54 |
|  35 | http://bonnie.info     |      55 |
|  35 | http://bonnie.info     |      57 |
|  35 | http://bonnie.info     |      62 |
|  35 | http://bonnie.info     |      63 |
|  35 | http://bonnie.info     |      65 |
|  35 | http://bonnie.info     |      66 |
|  35 | http://bonnie.info     |      71 |
|  35 | http://bonnie.info     |      75 |
|  35 | http://bonnie.info     |      76 |
|  35 | http://bonnie.info     |      87 |
|  35 | http://bonnie.info     |      91 |
|  35 | http://bonnie.info     |      93 |
|  35 | http://bonnie.info     |      95 |
|  35 | http://bonnie.info     |      96 |
|  36 | http://kennith.net     |       2 |
|  36 | http://kennith.net     |       3 |
|  36 | http://kennith.net     |       5 |
|  36 | http://kennith.net     |       6 |
|  36 | http://kennith.net     |       8 |
|  36 | http://kennith.net     |       9 |
|  36 | http://kennith.net     |      14 |
|  36 | http://kennith.net     |      16 |
|  36 | http://kennith.net     |      18 |
|  36 | http://kennith.net     |      21 |
|  36 | http://kennith.net     |      24 |
|  36 | http://kennith.net     |      30 |
|  36 | http://kennith.net     |      31 |
|  36 | http://kennith.net     |      35 |
|  36 | http://kennith.net     |      36 |
|  36 | http://kennith.net     |      37 |
|  36 | http://kennith.net     |      41 |
|  36 | http://kennith.net     |      42 |
|  36 | http://kennith.net     |      47 |
|  36 | http://kennith.net     |      50 |
|  36 | http://kennith.net     |      54 |
|  36 | http://kennith.net     |      57 |
|  36 | http://kennith.net     |      63 |
|  36 | http://kennith.net     |      66 |
|  36 | http://kennith.net     |      67 |
|  36 | http://kennith.net     |      71 |
|  36 | http://kennith.net     |      75 |
|  36 | http://kennith.net     |      76 |
|  36 | http://kennith.net     |      79 |
|  36 | http://kennith.net     |      91 |
|  36 | http://kennith.net     |      92 |
|  36 | http://kennith.net     |      95 |
|  36 | http://kennith.net     |      97 |
|  36 | http://kennith.net     |      98 |
|  36 | http://kennith.net     |     100 |
|  37 | http://camille.name    |       4 |
|  37 | http://camille.name    |       5 |
|  37 | http://camille.name    |       6 |
|  37 | http://camille.name    |      11 |
|  37 | http://camille.name    |      12 |
|  37 | http://camille.name    |      14 |
|  37 | http://camille.name    |      17 |
|  37 | http://camille.name    |      21 |
|  37 | http://camille.name    |      24 |
|  37 | http://camille.name    |      27 |
|  37 | http://camille.name    |      32 |
|  37 | http://camille.name    |      33 |
|  37 | http://camille.name    |      35 |
|  37 | http://camille.name    |      36 |
|  37 | http://camille.name    |      40 |
|  37 | http://camille.name    |      41 |
|  37 | http://camille.name    |      44 |
|  37 | http://camille.name    |      48 |
|  37 | http://camille.name    |      50 |
|  37 | http://camille.name    |      54 |
|  37 | http://camille.name    |      55 |
|  37 | http://camille.name    |      57 |
|  37 | http://camille.name    |      60 |
|  37 | http://camille.name    |      61 |
|  37 | http://camille.name    |      62 |
|  37 | http://camille.name    |      65 |
|  37 | http://camille.name    |      66 |
|  37 | http://camille.name    |      71 |
|  37 | http://camille.name    |      75 |
|  37 | http://camille.name    |      76 |
|  37 | http://camille.name    |      78 |
|  37 | http://camille.name    |      79 |
|  37 | http://camille.name    |      82 |
|  37 | http://camille.name    |      91 |
|  37 | http://camille.name    |      93 |
|  37 | http://camille.name    |      96 |
|  37 | http://camille.name    |      97 |
|  37 | http://camille.name    |      98 |
|  38 | http://alena.net       |       3 |
|  38 | http://alena.net       |       5 |
|  38 | http://alena.net       |       8 |
|  38 | http://alena.net       |      10 |
|  38 | http://alena.net       |      11 |
|  38 | http://alena.net       |      14 |
|  38 | http://alena.net       |      16 |
|  38 | http://alena.net       |      19 |
|  38 | http://alena.net       |      21 |
|  38 | http://alena.net       |      22 |
|  38 | http://alena.net       |      24 |
|  38 | http://alena.net       |      26 |
|  38 | http://alena.net       |      32 |
|  38 | http://alena.net       |      33 |
|  38 | http://alena.net       |      36 |
|  38 | http://alena.net       |      39 |
|  38 | http://alena.net       |      41 |
|  38 | http://alena.net       |      43 |
|  38 | http://alena.net       |      47 |
|  38 | http://alena.net       |      54 |
|  38 | http://alena.net       |      57 |
|  38 | http://alena.net       |      63 |
|  38 | http://alena.net       |      65 |
|  38 | http://alena.net       |      66 |
|  38 | http://alena.net       |      70 |
|  38 | http://alena.net       |      71 |
|  38 | http://alena.net       |      75 |
|  38 | http://alena.net       |      76 |
|  38 | http://alena.net       |      91 |
|  38 | http://alena.net       |      92 |
|  38 | http://alena.net       |     100 |
|  39 | http://ralph.name      |       2 |
|  39 | http://ralph.name      |       4 |
|  39 | http://ralph.name      |       5 |
|  39 | http://ralph.name      |      11 |
|  39 | http://ralph.name      |      14 |
|  39 | http://ralph.name      |      15 |
|  39 | http://ralph.name      |      18 |
|  39 | http://ralph.name      |      21 |
|  39 | http://ralph.name      |      24 |
|  39 | http://ralph.name      |      26 |
|  39 | http://ralph.name      |      28 |
|  39 | http://ralph.name      |      30 |
|  39 | http://ralph.name      |      36 |
|  39 | http://ralph.name      |      37 |
|  39 | http://ralph.name      |      38 |
|  39 | http://ralph.name      |      39 |
|  39 | http://ralph.name      |      41 |
|  39 | http://ralph.name      |      43 |
|  39 | http://ralph.name      |      47 |
|  39 | http://ralph.name      |      54 |
|  39 | http://ralph.name      |      56 |
|  39 | http://ralph.name      |      57 |
|  39 | http://ralph.name      |      66 |
|  39 | http://ralph.name      |      67 |
|  39 | http://ralph.name      |      69 |
|  39 | http://ralph.name      |      71 |
|  39 | http://ralph.name      |      72 |
|  39 | http://ralph.name      |      73 |
|  39 | http://ralph.name      |      75 |
|  39 | http://ralph.name      |      76 |
|  39 | http://ralph.name      |      91 |
|  39 | http://ralph.name      |      92 |
|  39 | http://ralph.name      |      95 |
|  39 | http://ralph.name      |      98 |
|  40 | https://tyshawn.com    |       5 |
|  40 | https://tyshawn.com    |       6 |
|  40 | https://tyshawn.com    |       9 |
|  40 | https://tyshawn.com    |      10 |
|  40 | https://tyshawn.com    |      11 |
|  40 | https://tyshawn.com    |      13 |
|  40 | https://tyshawn.com    |      14 |
|  40 | https://tyshawn.com    |      18 |
|  40 | https://tyshawn.com    |      21 |
|  40 | https://tyshawn.com    |      22 |
|  40 | https://tyshawn.com    |      24 |
|  40 | https://tyshawn.com    |      26 |
|  40 | https://tyshawn.com    |      27 |
|  40 | https://tyshawn.com    |      30 |
|  40 | https://tyshawn.com    |      35 |
|  40 | https://tyshawn.com    |      36 |
|  40 | https://tyshawn.com    |      41 |
|  40 | https://tyshawn.com    |      46 |
|  40 | https://tyshawn.com    |      48 |
|  40 | https://tyshawn.com    |      54 |
|  40 | https://tyshawn.com    |      57 |
|  40 | https://tyshawn.com    |      60 |
|  40 | https://tyshawn.com    |      61 |
|  40 | https://tyshawn.com    |      62 |
|  40 | https://tyshawn.com    |      66 |
|  40 | https://tyshawn.com    |      67 |
|  40 | https://tyshawn.com    |      69 |
|  40 | https://tyshawn.com    |      70 |
|  40 | https://tyshawn.com    |      71 |
|  40 | https://tyshawn.com    |      72 |
|  40 | https://tyshawn.com    |      75 |
|  40 | https://tyshawn.com    |      76 |
|  40 | https://tyshawn.com    |      85 |
|  40 | https://tyshawn.com    |      91 |
|  40 | https://tyshawn.com    |      92 |
|  40 | https://tyshawn.com    |      93 |
|  40 | https://tyshawn.com    |      99 |
|  41 | https://adella.net     |       2 |
|  41 | https://adella.net     |       3 |
|  41 | https://adella.net     |       5 |
|  41 | https://adella.net     |       6 |
|  41 | https://adella.net     |      12 |
|  41 | https://adella.net     |      13 |
|  41 | https://adella.net     |      14 |
|  41 | https://adella.net     |      17 |
|  41 | https://adella.net     |      19 |
|  41 | https://adella.net     |      21 |
|  41 | https://adella.net     |      22 |
|  41 | https://adella.net     |      24 |
|  41 | https://adella.net     |      32 |
|  41 | https://adella.net     |      33 |
|  41 | https://adella.net     |      36 |
|  41 | https://adella.net     |      37 |
|  41 | https://adella.net     |      38 |
|  41 | https://adella.net     |      41 |
|  41 | https://adella.net     |      44 |
|  41 | https://adella.net     |      54 |
|  41 | https://adella.net     |      55 |
|  41 | https://adella.net     |      56 |
|  41 | https://adella.net     |      57 |
|  41 | https://adella.net     |      61 |
|  41 | https://adella.net     |      62 |
|  41 | https://adella.net     |      65 |
|  41 | https://adella.net     |      66 |
|  41 | https://adella.net     |      69 |
|  41 | https://adella.net     |      70 |
|  41 | https://adella.net     |      71 |
|  41 | https://adella.net     |      73 |
|  41 | https://adella.net     |      75 |
|  41 | https://adella.net     |      76 |
|  41 | https://adella.net     |      82 |
|  41 | https://adella.net     |      91 |
|  41 | https://adella.net     |      94 |

+-----+------------------------+---------+^8782 rows in set (0.8782 rows in set (0.02 sec)

mysql> GROUP BY photos.id;
ERROR 1064 (42000): You have an error in your SQL syntax; check the manual that corresponds to your MySQL server version for the right syntax to use near 'GROUP BY photos.id' at line 1
mysql>
mysql>
mysql>
mysql>
mysql>
mysql>
mysql> SELECT photos.id,
    ->  photos.image_url,
    ->  COUNT(*)   AS total
    -> FROM photos
    -> INNER JOIN likes
    ->    ON likes.photo_id = photos.id;
+------+-------------------+-------+
| id   | image_url         | total |
+------+-------------------+-------+
|    1 | http://elijah.biz |  8782 |
+------+-------------------+-------+
1 row in set (0.01 sec)

mysql> GROUP BY photos.id
    -> ORDER BY total DESC
    -> LIMIT 1;^C
mysql>
mysql>
mysql>
mysql> SELECT photos.id,
    ->  photos.image_url,
    ->  COUNT(*)   AS total
    -> FROM photos
    -> INNER JOIN likes
    ->    ON likes.photo_id = photos.id
    -> GROUP BY photos.id
    -> ORDER BY total;
+-----+------------------------+-------+
| id  | image_url              | total |
+-----+------------------------+-------+
|   1 | http://elijah.biz      |    25 |
| 223 | http://howard.net      |    25 |
| 195 | http://marcellus.info  |    26 |
|   8 | http://malvina.org     |    27 |
|  50 | http://zena.com        |    27 |
| 139 | https://seamus.org     |    27 |
| 238 | http://adela.com       |    27 |
|  22 | https://brooklyn.name  |    28 |
|  95 | https://ariel.net      |    28 |
| 175 | https://norval.com     |    28 |
| 247 | https://helmer.org     |    28 |
| 251 | https://elyssa.biz     |    28 |
|  12 | http://felicity.name   |    29 |
|  33 | https://alisha.com     |    29 |
|  51 | https://abagail.com    |    29 |
|  92 | http://lacy.biz        |    29 |
| 108 | http://boris.biz       |    29 |
| 129 | http://buddy.com       |    29 |
| 130 | http://americo.biz     |    29 |
| 131 | http://lurline.info    |    29 |
| 135 | http://rosetta.net     |    29 |
| 165 | https://estell.info    |    29 |
| 194 | http://florine.org     |    29 |
| 208 | https://ford.biz       |    29 |
| 214 | https://ruthie.info    |    29 |
| 215 | https://evan.name      |    29 |
|  10 | https://elenor.name    |    30 |
|  26 | http://saige.com       |    30 |
|  47 | http://dominic.biz     |    30 |
| 132 | http://kailee.org      |    30 |
| 143 | https://aimee.info     |    30 |
| 179 | http://ora.net         |    30 |
| 184 | http://rico.biz        |    30 |
| 188 | https://mariane.org    |    30 |
| 193 | https://javonte.org    |    30 |
| 216 | http://deontae.org     |    30 |
| 236 | http://cali.net        |    30 |
| 240 | https://jarrett.name   |    30 |
|   5 | https://jennings.biz   |    31 |
|   6 | https://quinn.biz      |    31 |
|   9 | https://branson.biz    |    31 |
|  18 | https://mac.org        |    31 |
|  27 | https://reece.net      |    31 |
|  31 | http://remington.name  |    31 |
|  38 | http://alena.net       |    31 |
|  54 | https://clair.com      |    31 |
|  73 | https://mafalda.org    |    31 |
|  83 | http://paxton.com      |    31 |
|  93 | https://jensen.name    |    31 |
| 104 | https://karina.biz     |    31 |
| 115 | http://euna.info       |    31 |
| 156 | http://victoria.biz    |    31 |
| 159 | http://jedediah.net    |    31 |
| 160 | http://sedrick.net     |    31 |
| 167 | http://blanca.org      |    31 |
| 187 | http://germaine.name   |    31 |
| 191 | http://ellen.info      |    31 |
| 202 | http://laney.name      |    31 |
| 207 | http://ole.info        |    31 |
| 224 | http://helena.name     |    31 |
| 228 | https://noble.net      |    31 |
| 239 | https://devan.com      |    31 |
| 246 | https://kathleen.biz   |    31 |
| 250 | http://ayla.org        |    31 |
| 254 | https://darien.name    |    31 |
|  34 | https://henderson.com  |    32 |
|  35 | http://bonnie.info     |    32 |
|  60 | https://noemie.com     |    32 |
|  76 | http://kasandra.com    |    32 |
|  89 | https://kennedi.org    |    32 |
|  96 | http://roger.info      |    32 |
| 114 | https://aliyah.biz     |    32 |
| 142 | https://dolores.org    |    32 |
| 151 | https://alia.name      |    32 |
| 164 | https://roberta.net    |    32 |
| 168 | http://delpha.com      |    32 |
| 172 | https://julianne.org   |    32 |
| 218 | http://susie.info      |    32 |
| 219 | http://hollis.com      |    32 |
| 229 | https://emilia.org     |    32 |
| 237 | http://mekhi.name      |    32 |
| 253 | http://ryleigh.info    |    32 |
|  11 | https://marcelino.com  |    33 |
|  29 | http://ignacio.net     |    33 |
|  32 | http://kurtis.info     |    33 |
|  65 | http://nathan.net      |    33 |
|  72 | https://julian.net     |    33 |
|  75 | https://elmore.org     |    33 |
|  88 | https://marian.biz     |    33 |
| 105 | https://mariam.com     |    33 |
| 109 | http://arthur.name     |    33 |
| 111 | http://charlie.com     |    33 |
| 122 | http://moses.biz       |    33 |
| 125 | https://carey.com      |    33 |
| 140 | https://earline.info   |    33 |
| 146 | https://cathrine.com   |    33 |
| 148 | https://demarco.com    |    33 |
| 152 | http://rickey.name     |    33 |
| 157 | https://carmella.com   |    33 |
| 163 | https://lesly.com      |    33 |
| 176 | https://jessy.name     |    33 |
| 185 | http://jody.biz        |    33 |
| 220 | https://colt.org       |    33 |
| 226 | http://violet.info     |    33 |
| 242 | https://jadyn.name     |    33 |
| 245 | http://ayden.name      |    33 |
| 255 | https://xzavier.org    |    33 |
|  15 | https://sherwood.net   |    34 |
|  39 | http://ralph.name      |    34 |
|  45 | http://kendall.biz     |    34 |
|  46 | https://glenda.info    |    34 |
|  64 | http://emmalee.org     |    34 |
|  68 | https://woodrow.com    |    34 |
|  70 | http://aiden.org       |    34 |
|  74 | http://verner.org      |    34 |
|  78 | http://einar.net       |    34 |
|  79 | http://terry.info      |    34 |
|  86 | https://bryce.org      |    34 |
|  91 | http://lottie.net      |    34 |
|  94 | http://virginia.org    |    34 |
|  98 | https://margarita.info |    34 |
|  99 | https://kayden.biz     |    34 |
| 102 | http://bridie.name     |    34 |
| 121 | https://donavon.org    |    34 |
| 124 | http://kendrick.net    |    34 |
| 128 | http://laila.info      |    34 |
| 134 | https://isaias.biz     |    34 |
| 138 | http://julia.info      |    34 |
| 141 | http://quinten.info    |    34 |
| 149 | https://lila.biz       |    34 |
| 154 | http://myron.org       |    34 |
| 170 | http://ephraim.com     |    34 |
| 173 | https://jasmin.biz     |    34 |
| 200 | http://dino.name       |    34 |
| 209 | https://humberto.org   |    34 |
| 217 | https://timmy.info     |    34 |
| 221 | http://lucio.org       |    34 |
| 231 | https://mariano.net    |    34 |
| 233 | https://madaline.name  |    34 |
| 235 | https://blanche.net    |    34 |
| 249 | https://cecilia.net    |    34 |
| 252 | http://jennie.com      |    34 |
|  14 | https://gerhard.biz    |    35 |
|  19 | http://miracle.info    |    35 |
|  20 | http://emmet.com       |    35 |
|  24 | http://annie.name      |    35 |
|  36 | http://kennith.net     |    35 |
|  48 | http://tressie.info    |    35 |
|  55 | https://deondre.com    |    35 |
|  67 | http://danyka.net      |    35 |
|  77 | https://jarret.info    |    35 |
|  80 | https://holden.com     |    35 |
|  82 | https://geoffrey.info  |    35 |
|  84 | https://trinity.biz    |    35 |
| 103 | http://barton.name     |    35 |
| 112 | https://lina.biz       |    35 |
| 117 | http://joanie.name     |    35 |
| 126 | http://lia.biz         |    35 |
| 136 | https://marianna.info  |    35 |
| 137 | https://roel.org       |    35 |
| 158 | http://leo.com         |    35 |
| 181 | https://hilda.info     |    35 |
| 204 | http://emilie.net      |    35 |
| 206 | http://keshawn.org     |    35 |
| 213 | http://princess.org    |    35 |
| 232 | https://brittany.org   |    35 |
| 234 | https://devonte.name   |    35 |
| 243 | https://erik.com       |    35 |
|   2 | https://shanon.org     |    36 |
|  17 | http://annamae.name    |    36 |
|  21 | https://lisa.com       |    36 |
|  25 | http://darron.info     |    36 |
|  28 | http://vance.org       |    36 |
|  53 | http://collin.com      |    36 |
|  56 | http://tristin.name    |    36 |
|  58 | https://modesta.info   |    36 |
|  85 | http://fabiola.org     |    36 |
|  90 | https://fanny.net      |    36 |
| 101 | https://gust.net       |    36 |
| 106 | https://trycia.com     |    36 |
| 113 | https://darwin.net     |    36 |
| 116 | https://maymie.net     |    36 |
| 166 | http://kaleigh.biz     |    36 |
| 171 | https://dameon.name    |    36 |
| 177 | https://nolan.name     |    36 |
| 186 | http://sheila.com      |    36 |
| 189 | http://reva.com        |    36 |
| 190 | https://llewellyn.info |    36 |
| 211 | https://dimitri.info   |    36 |
| 222 | http://germaine.org    |    36 |
| 257 | http://dedrick.info    |    36 |
|  16 | https://maudie.org     |    37 |
|  40 | https://tyshawn.com    |    37 |
|  42 | https://cielo.info     |    37 |
|  43 | https://easter.net     |    37 |
|  49 | http://estevan.org     |    37 |
|  57 | http://kirk.org        |    37 |
|  59 | http://rylan.biz       |    37 |
|  71 | https://tito.name      |    37 |
|  87 | http://emery.net       |    37 |
| 120 | https://olga.org       |    37 |
| 133 | https://edyth.com      |    37 |
| 178 | http://devon.info      |    37 |
| 198 | http://jovanny.net     |    37 |
| 203 | http://trever.org      |    37 |
| 212 | http://cynthia.info    |    37 |
| 225 | https://celestino.name |    37 |
| 230 | http://destini.net     |    37 |
| 241 | https://sid.biz        |    37 |
| 248 | https://maggie.info    |    37 |
|   3 | http://vicky.biz       |    38 |
|   4 | http://oleta.net       |    38 |
|   7 | https://selina.name    |    38 |
|  23 | http://madison.net     |    38 |
|  37 | http://camille.name    |    38 |
|  41 | https://adella.net     |    38 |
|  63 | http://megane.biz      |    38 |
|  69 | http://harvey.info     |    38 |
|  81 | https://jacinto.org    |    38 |
| 150 | http://ruben.net       |    38 |
| 155 | http://pearl.info      |    38 |
| 162 | https://malcolm.name   |    38 |
| 169 | http://annabelle.org   |    38 |
| 183 | http://hettie.net      |    38 |
| 196 | http://stan.biz        |    38 |
| 197 | http://jarred.net      |    38 |
| 210 | http://penelope.info   |    38 |
|  44 | http://golden.org      |    39 |
|  62 | https://rigoberto.net  |    39 |
|  66 | http://lionel.net      |    39 |
| 100 | https://brook.com      |    39 |
| 107 | https://everette.biz   |    39 |
| 110 | https://cesar.com      |    39 |
| 118 | http://whitney.net     |    39 |
| 119 | http://garrison.name   |    39 |
| 144 | https://roderick.name  |    39 |
| 180 | https://vivien.com     |    39 |
| 199 | http://linnie.com      |    39 |
| 201 | https://jane.net       |    39 |
| 205 | http://ted.info        |    39 |
| 227 | http://nigel.biz       |    39 |
|  13 | https://fred.com       |    40 |
|  97 | https://carolanne.com  |    40 |
| 153 | http://janie.com       |    40 |
| 161 | https://clare.org      |    40 |
| 244 | http://freeda.biz      |    40 |
|  30 | http://kenny.com       |    41 |
|  52 | https://hershel.com    |    41 |
|  61 | https://dejon.name     |    41 |
| 147 | https://adela.com      |    41 |
| 174 | https://delbert.net    |    41 |
| 192 | https://anahi.info     |    41 |
| 256 | https://kaela.name     |    41 |
| 123 | http://shannon.org     |    42 |
| 127 | https://celestine.name |    43 |
| 182 | https://dorcas.biz     |    43 |
| 145 | https://jarret.name    |    48 |
+-----+------------------------+-------+
257 rows in set (0.01 sec)

mysql> SELECT photos.id,
    ->  photos.image_url,
    ->  COUNT(*)   AS total
    -> FROM photos
    -> INNER JOIN likes
    ->    ON likes.photo_id = photos.id
    -> GROUP BY photos.id
    -> ORDER BY total
    -> LIMIT 1;
+----+-------------------+-------+
| id | image_url         | total |
+----+-------------------+-------+
|  1 | http://elijah.biz |    25 |
+----+-------------------+-------+
1 row in set (0.01 sec)

mysql> SELECT photos.id,
    ->  photos.image_url,
    ->  COUNT(*)   AS total
    -> FROM photos
    -> INNER JOIN likes
    ->    ON likes.photo_id = photos.id
    -> GROUP BY photos.id
    -> ORDER BY total DESC
    -> LIMIT 1;
+-----+---------------------+-------+
| id  | image_url           | total |
+-----+---------------------+-------+
| 145 | https://jarret.name |    48 |
+-----+---------------------+-------+
1 row in set (0.01 sec)

mysql> SELECT photo_id
    -> FROM photos
    -> LEFT JOIN likes
    ->    ON photos.id = lieks.photo_id
    -> GROUP BY photo.id
    -> ORDER BY lieks.photo_id DESC
    -> LIMIT 1;
ERROR 1054 (42S22): Unknown column 'lieks.photo_id' in 'on clause'
mysql> SELECT photo_id
    -> FROM photos
    -> LEFT JOIN likes
    ->    ON photos.id = liKEs.photo_id
    -> GROUP BY photo.id
    -> ORDER BY lieks.photo_id DESC
    -> LIMIT 1;
ERROR 1054 (42S22): Unknown column 'photo.id' in 'group statement'
mysql> SELECT photo_id
    -> FROM photos
    -> LEFT JOIN likes
    ->    ON photos.id = liKEs.photo_id
    -> GROUP BY photoS.id
    -> ORDER BY lieks.photo_id DESC
    -> LIMIT 1;
ERROR 1054 (42S22): Unknown column 'lieks.photo_id' in 'order clause'
mysql> SELECT photo_id
    -> FROM photos
    -> LEFT JOIN likes
    ->    ON photos.id = liKEs.photo_id
    -> GROUP BY photoS.id
    -> ORDER BY liKEs.photo_id DESC
    -> LIMIT 1;
+----------+
| photo_id |
+----------+
|      257 |
+----------+
1 row in set (0.01 sec)

mysql> SELECT photos.id,
    ->  photos.image_url,
    ->  COUNT(*)   AS total
    -> FROM photos
    -> LEFT JOIN likes
    ->    ON photos.id = liKEs.photo_id
    -> GROUP BY photoS.id
    -> ORDER BY liKEs.photo_id DESC
    -> LIMIT 1;
+-----+---------------------+-------+
| id  | image_url           | total |
+-----+---------------------+-------+
| 257 | http://dedrick.info |    36 |
+-----+---------------------+-------+
1 row in set (0.01 sec)

mysql>
mysql>
mysql> SELECT photos.id,
    ->  photos.image_url,
    ->  COUNT(*)   AS total
    -> FROM photos
    -> LEFT JOIN likes
    ->    ON photos.id = liKEs.photo_id
    -> GROUP BY photoS.id
    -> ORDER BY TOTAL DESC
    -> LIMIT 1;
+-----+---------------------+-------+
| id  | image_url           | total |
+-----+---------------------+-------+
| 145 | https://jarret.name |    48 |
+-----+---------------------+-------+
1 row in set (0.01 sec)

mysql>
mysql> SELECT photos.id,
    ->  photos.image_url,
    ->  COUNT(*)   AS total
    -> FROM photos
    -> INNER JOIN likes
    ->    ON likes.photo_id = photos.id
    -> GROUP BY photos.id
    -> ORDER BY total DESC
    -> LIMIT 1;
+-----+---------------------+-------+
| id  | image_url           | total |
+-----+---------------------+-------+
| 145 | https://jarret.name |    48 |
+-----+---------------------+-------+
1 row in set (0.01 sec)

mysql> SELECT
    ->    username,
    ->    photos.id,
    ->    photos.image_url,
    ->    COUNT(*) AS total
    -> FROM photos
    -> INNER JOIN likes
    ->    ON likes.photo_id = photos.id
    -> INNER JOIN users
    ->    ON photos.user_id = users.id
    -> GROUP BY photos.id
    -> ORDER BY total DESC;
+-----------------------+-----+------------------------+-------+
| username              | id  | image_url              | total |
+-----------------------+-----+------------------------+-------+
| Zack_Kemmer93         | 145 | https://jarret.name    |    48 |
| Adelle96              | 182 | https://dorcas.biz     |    43 |
| Malinda_Streich       | 127 | https://celestine.name |    43 |
| Seth46                | 123 | http://shannon.org     |    42 |
| Annalise.McKenzie16   |  52 | https://hershel.com    |    41 |
| Delpha.Kihn           |  61 | https://dejon.name     |    41 |
| Elenor88              | 174 | https://delbert.net    |    41 |
| Javonte83             | 256 | https://kaela.name     |    41 |
| Kathryn80             | 192 | https://anahi.info     |    41 |
| Meggie_Doyle          | 147 | https://adela.com      |    41 |
| Presley_McClure       |  30 | http://kenny.com       |    41 |
| Aurelie71             | 153 | http://janie.com       |    40 |
| Cesar93               | 161 | https://clare.org      |    40 |
| Damon35               | 244 | http://freeda.biz      |    40 |
| Harley_Lind18         |  13 | https://fred.com       |    40 |
| Irwin.Larson          |  97 | https://carolanne.com  |    40 |
| Alexandro35           |  44 | http://golden.org      |    39 |
| Colten.Harris76       | 205 | http://ted.info        |    39 |
| Donald.Fritsch        | 199 | http://linnie.com      |    39 |
| Donald.Fritsch        | 201 | https://jane.net       |    39 |
| Eveline95             |  66 | http://lionel.net      |    39 |
| Florence99            | 180 | https://vivien.com     |    39 |
| Janet.Armstrong       | 118 | http://whitney.net     |    39 |
| Janet.Armstrong       | 119 | http://garrison.name   |    39 |
| Kelsi26               | 110 | https://cesar.com      |    39 |
| Kenneth64             |  62 | https://rigoberto.net  |    39 |
| Rick29                | 227 | http://nigel.biz       |    39 |
| Yazmin_Mills95        | 107 | https://everette.biz   |    39 |
| Yvette.Gottlieb91     | 100 | https://brook.com      |    39 |
| Zack_Kemmer93         | 144 | https://roderick.name  |    39 |
| Adelle96              | 183 | http://hettie.net      |    38 |
| Andre_Purdy85         |   7 | https://selina.name    |    38 |
| Aracely.Johnston98    | 210 | http://penelope.info   |    38 |
| Aurelie71             | 150 | http://ruben.net       |    38 |
| Aurelie71             | 155 | http://pearl.info      |    38 |
| Cesar93               | 162 | https://malcolm.name   |    38 |
| Dario77               |  81 | https://jacinto.org    |    38 |
| Dereck65              |  41 | https://adella.net     |    38 |
| Donald.Fritsch        | 197 | http://jarred.net      |    38 |
| Eveline95             |  63 | http://megane.biz      |    38 |
| Eveline95             |  69 | http://harvey.info     |    38 |
| Jaylan.Lakin          | 196 | http://stan.biz        |    38 |
| Jayson65              | 169 | http://annabelle.org   |    38 |
| Justina.Gaylord27     |  37 | http://camille.name    |    38 |
| Kenton_Kirlin         |   3 | http://vicky.biz       |    38 |
| Kenton_Kirlin         |   4 | http://oleta.net       |    38 |
| Tabitha_Schamberger11 |  23 | http://madison.net     |    38 |
| Alexandro35           |  42 | https://cielo.info     |    37 |
| Alexandro35           |  43 | https://easter.net     |    37 |
| Alysa22               | 212 | http://cynthia.info    |    37 |
| Arely_Bogan63         |  16 | https://maudie.org     |    37 |
| Billy52               |  49 | http://estevan.org     |    37 |
| Clint27               | 230 | http://destini.net     |    37 |
| Colten.Harris76       | 203 | http://trever.org      |    37 |
| Dereck65              |  40 | https://tyshawn.com    |    37 |
| Donald.Fritsch        | 198 | http://jovanny.net     |    37 |
| Eveline95             |  71 | https://tito.name      |    37 |
| Florence99            | 178 | http://devon.info      |    37 |
| Frederik_Rice         | 241 | https://sid.biz        |    37 |
| Granville_Kutch       | 133 | https://edyth.com      |    37 |
| Hailee26              |  59 | http://rylan.biz       |    37 |
| Jaime53               |  87 | http://emery.net       |    37 |
| Keenan.Schamberger60  | 248 | https://maggie.info    |    37 |
| Norbert_Carroll35     |  57 | http://kirk.org        |    37 |
| Rick29                | 225 | https://celestino.name |    37 |
| Seth46                | 120 | https://olga.org       |    37 |
| Alysa22               | 211 | https://dimitri.info   |    36 |
| Annalise.McKenzie16   |  53 | http://collin.com      |    36 |
| Cesar93               | 166 | http://kaleigh.biz     |    36 |
| Delfina_VonRueden68   | 222 | http://germaine.org    |    36 |
| Emilio_Bernier52      | 186 | http://sheila.com      |    36 |
| Erick5                | 190 | https://llewellyn.info |    36 |
| Florence99            | 177 | https://nolan.name     |    36 |
| Gus93                 |  28 | http://vance.org       |    36 |
| Jaime53               |  85 | http://fabiola.org     |    36 |
| Jaime53               |  90 | https://fanny.net      |    36 |
| Janet.Armstrong       | 116 | https://maymie.net     |    36 |
| Javonte83             | 257 | http://dedrick.info    |    36 |
| Karley_Bosco          | 189 | http://reva.com        |    36 |
| Kenton_Kirlin         |   2 | https://shanon.org     |    36 |
| Lennie_Hartmann40     | 106 | https://trycia.com     |    36 |
| Maya.Farrell          | 113 | https://darwin.net     |    36 |
| Norbert_Carroll35     |  56 | http://tristin.name    |    36 |
| Odessa2               |  58 | https://modesta.info   |    36 |
| Ressie_Stanton46      | 171 | https://dameon.name    |    36 |
| Tabitha_Schamberger11 |  25 | http://darron.info     |    36 |
| Travon.Waters         |  17 | http://annamae.name    |    36 |
| Travon.Waters         |  21 | https://lisa.com       |    36 |
| Yvette.Gottlieb91     | 101 | https://gust.net       |    36 |
| Adelle96              | 181 | https://hilda.info     |    35 |
| Arely_Bogan63         |  14 | https://gerhard.biz    |    35 |
| Billy52               |  48 | http://tressie.info    |    35 |
| Cesar93               | 158 | http://leo.com         |    35 |
| Clint27               | 232 | https://brittany.org   |    35 |
| Clint27               | 234 | https://devonte.name   |    35 |
| Colten.Harris76       | 204 | http://emilie.net      |    35 |
| Colten.Harris76       | 206 | http://keshawn.org     |    35 |
| Dario77               |  82 | https://geoffrey.info  |    35 |
| Dario77               |  84 | https://trinity.biz    |    35 |
| Darwin29              |  80 | https://holden.com     |    35 |
| Eveline95             |  67 | http://danyka.net      |    35 |
| Gerard79              | 136 | https://marianna.info  |    35 |
| Janet.Armstrong       | 117 | http://joanie.name     |    35 |
| Josianne.Friesen      |  77 | https://jarret.info    |    35 |
| Justina.Gaylord27     |  36 | http://kennith.net     |    35 |
| Malinda_Streich       | 126 | http://lia.biz         |    35 |
| Mariano_Koch3         | 137 | https://roel.org       |    35 |
| Maya.Farrell          | 112 | https://lina.biz       |    35 |
| Milford_Gleichner42   | 213 | http://princess.org    |    35 |
| Norbert_Carroll35     |  55 | https://deondre.com    |    35 |
| Tabitha_Schamberger11 |  24 | http://annie.name      |    35 |
| Travon.Waters         |  19 | http://miracle.info    |    35 |
| Travon.Waters         |  20 | http://emmet.com       |    35 |
| Willie_Leuschke       | 243 | https://erik.com       |    35 |
| Yvette.Gottlieb91     | 103 | http://barton.name     |    35 |
| Alexandro35           |  45 | http://kendall.biz     |    34 |
| Alexandro35           |  46 | https://glenda.info    |    34 |
| Aracely.Johnston98    | 209 | https://humberto.org   |    34 |
| Arely_Bogan63         |  15 | https://sherwood.net   |    34 |
| Aurelie71             | 149 | https://lila.biz       |    34 |
| Aurelie71             | 154 | http://myron.org       |    34 |
| Clint27               | 231 | https://mariano.net    |    34 |
| Clint27               | 233 | https://madaline.name  |    34 |
| Clint27               | 235 | https://blanche.net    |    34 |
| Delfina_VonRueden68   | 217 | https://timmy.info     |    34 |
| Delfina_VonRueden68   | 221 | http://lucio.org       |    34 |
| Dereck65              |  39 | http://ralph.name      |    34 |
| Donald.Fritsch        | 200 | http://dino.name       |    34 |
| Elenor88              | 173 | https://jasmin.biz     |    34 |
| Eveline95             |  64 | http://emmalee.org     |    34 |
| Eveline95             |  68 | https://woodrow.com    |    34 |
| Eveline95             |  70 | http://aiden.org       |    34 |
| Eveline95             |  74 | http://verner.org      |    34 |
| Gerard79              | 134 | https://isaias.biz     |    34 |
| Harrison.Beatty50     | 128 | http://laila.info      |    34 |
| Imani_Nicolas17       | 252 | http://jennie.com      |    34 |
| Irwin.Larson          |  98 | https://margarita.info |    34 |
| Irwin.Larson          |  99 | https://kayden.biz     |    34 |
| Jaime53               |  86 | https://bryce.org      |    34 |
| Jaime53               |  91 | http://lottie.net      |    34 |
| Josianne.Friesen      |  78 | http://einar.net       |    34 |
| Josianne.Friesen      |  79 | http://terry.info      |    34 |
| Kaley9                |  94 | http://virginia.org    |    34 |
| Keenan.Schamberger60  | 249 | https://cecilia.net    |    34 |
| Malinda_Streich       | 124 | http://kendrick.net    |    34 |
| Mariano_Koch3         | 138 | http://julia.info      |    34 |
| Mariano_Koch3         | 141 | http://quinten.info    |    34 |
| Ressie_Stanton46      | 170 | http://ephraim.com     |    34 |
| Seth46                | 121 | https://donavon.org    |    34 |
| Yvette.Gottlieb91     | 102 | http://bridie.name     |    34 |
| Adelle96              | 185 | http://jody.biz        |    33 |
| Alek_Watsica          | 255 | https://xzavier.org    |    33 |
| Aurelie71             | 152 | http://rickey.name     |    33 |
| Cesar93               | 157 | https://carmella.com   |    33 |
| Cesar93               | 163 | https://lesly.com      |    33 |
| Delfina_VonRueden68   | 220 | https://colt.org       |    33 |
| Eveline95             |  65 | http://nathan.net      |    33 |
| Eveline95             |  72 | https://julian.net     |    33 |
| Florence99            | 176 | https://jessy.name     |    33 |
| Gus93                 |  29 | http://ignacio.net     |    33 |
| Harley_Lind18         |  11 | https://marcelino.com  |    33 |
| Jaime53               |  88 | https://marian.biz     |    33 |
| Jordyn.Jacobson2      | 109 | http://arthur.name     |    33 |
| Josianne.Friesen      |  75 | https://elmore.org     |    33 |
| Lennie_Hartmann40     | 105 | https://mariam.com     |    33 |
| Malinda_Streich       | 125 | https://carey.com      |    33 |
| Mariano_Koch3         | 140 | https://earline.info   |    33 |
| Nicole71              | 245 | http://ayden.name      |    33 |
| Peter.Stehr0          | 148 | https://demarco.com    |    33 |
| Presley_McClure       |  32 | http://kurtis.info     |    33 |
| Rafael.Hickle2        | 111 | http://charlie.com     |    33 |
| Rick29                | 226 | http://violet.info     |    33 |
| Seth46                | 122 | http://moses.biz       |    33 |
| Willie_Leuschke       | 242 | https://jadyn.name     |    33 |
| Zack_Kemmer93         | 146 | https://cathrine.com   |    33 |
| Alek_Watsica          | 253 | http://ryleigh.info    |    32 |
| Aurelie71             | 151 | https://alia.name      |    32 |
| Cesar93               | 164 | https://roberta.net    |    32 |
| Clint27               | 229 | https://emilia.org     |    32 |
| Clint27               | 237 | http://mekhi.name      |    32 |
| Delfina_VonRueden68   | 218 | http://susie.info      |    32 |
| Delfina_VonRueden68   | 219 | http://hollis.com      |    32 |
| Elenor88              | 172 | https://julianne.org   |    32 |
| Hailee26              |  60 | https://noemie.com     |    32 |
| Irwin.Larson          |  96 | http://roger.info      |    32 |
| Jaime53               |  89 | https://kennedi.org    |    32 |
| Josianne.Friesen      |  76 | http://kasandra.com    |    32 |
| Justina.Gaylord27     |  34 | https://henderson.com  |    32 |
| Justina.Gaylord27     |  35 | http://bonnie.info     |    32 |
| Maya.Farrell          | 114 | https://aliyah.biz     |    32 |
| Sam52                 | 168 | http://delpha.com      |    32 |
| Zack_Kemmer93         | 142 | https://dolores.org    |    32 |
| Alek_Watsica          | 254 | https://darien.name    |    31 |
| Andre_Purdy85         |   6 | https://quinn.biz      |    31 |
| Andre_Purdy85         |   9 | https://branson.biz    |    31 |
| Annalise.McKenzie16   |  54 | https://clair.com      |    31 |
| Aurelie71             | 156 | http://victoria.biz    |    31 |
| Cesar93               | 159 | http://jedediah.net    |    31 |
| Cesar93               | 160 | http://sedrick.net     |    31 |
| Clint27               | 228 | https://noble.net      |    31 |
| Colten.Harris76       | 207 | http://ole.info        |    31 |
| Dario77               |  83 | http://paxton.com      |    31 |
| Dereck65              |  38 | http://alena.net       |    31 |
| Donald.Fritsch        | 202 | http://laney.name      |    31 |
| Emilio_Bernier52      | 187 | http://germaine.name   |    31 |
| Eveline95             |  73 | https://mafalda.org    |    31 |
| Frederik_Rice         | 239 | https://devan.com      |    31 |
| Gus93                 |  27 | https://reece.net      |    31 |
| Janet.Armstrong       | 115 | http://euna.info       |    31 |
| Kaley9                |  93 | https://jensen.name    |    31 |
| Kathryn80             | 191 | http://ellen.info      |    31 |
| Kenton_Kirlin         |   5 | https://jennings.biz   |    31 |
| Nicole71              | 246 | https://kathleen.biz   |    31 |
| Presley_McClure       |  31 | http://remington.name  |    31 |
| Rick29                | 224 | http://helena.name     |    31 |
| Sam52                 | 167 | http://blanca.org      |    31 |
| Tomas.Beatty93        | 250 | http://ayla.org        |    31 |
| Travon.Waters         |  18 | https://mac.org        |    31 |
| Yvette.Gottlieb91     | 104 | https://karina.biz     |    31 |
| Adelle96              | 184 | http://rico.biz        |    30 |
| Billy52               |  47 | http://dominic.biz     |    30 |
| Clint27               | 236 | http://cali.net        |    30 |
| Delfina_VonRueden68   | 216 | http://deontae.org     |    30 |
| Emilio_Bernier52      | 188 | https://mariane.org    |    30 |
| Florence99            | 179 | http://ora.net         |    30 |
| Frederik_Rice         | 240 | https://jarrett.name   |    30 |
| Gus93                 |  26 | http://saige.com       |    30 |
| Harley_Lind18         |  10 | https://elenor.name    |    30 |
| Harrison.Beatty50     | 132 | http://kailee.org      |    30 |
| Kathryn80             | 193 | https://javonte.org    |    30 |
| Zack_Kemmer93         | 143 | https://aimee.info     |    30 |
| Annalise.McKenzie16   |  51 | https://abagail.com    |    29 |
| Cesar93               | 165 | https://estell.info    |    29 |
| Delfina_VonRueden68   | 215 | https://evan.name      |    29 |
| Gerard79              | 135 | http://rosetta.net     |    29 |
| Harley_Lind18         |  12 | http://felicity.name   |    29 |
| Harrison.Beatty50     | 129 | http://buddy.com       |    29 |
| Harrison.Beatty50     | 130 | http://americo.biz     |    29 |
| Harrison.Beatty50     | 131 | http://lurline.info    |    29 |
| Jaime53               |  92 | http://lacy.biz        |    29 |
| Jordyn.Jacobson2      | 108 | http://boris.biz       |    29 |
| Justina.Gaylord27     |  33 | https://alisha.com     |    29 |
| Katarina.Dibbert      | 208 | https://ford.biz       |    29 |
| Kathryn80             | 194 | http://florine.org     |    29 |
| Milford_Gleichner42   | 214 | https://ruthie.info    |    29 |
| Aiyana_Hoeger         |  95 | https://ariel.net      |    28 |
| Elenor88              | 175 | https://norval.com     |    28 |
| Keenan.Schamberger60  | 247 | https://helmer.org     |    28 |
| Tabitha_Schamberger11 |  22 | https://brooklyn.name  |    28 |
| Tomas.Beatty93        | 251 | https://elyssa.biz     |    28 |
| Andre_Purdy85         |   8 | http://malvina.org     |    27 |
| Billy52               |  50 | http://zena.com        |    27 |
| Clint27               | 238 | http://adela.com       |    27 |
| Mariano_Koch3         | 139 | https://seamus.org     |    27 |
| Kathryn80             | 195 | http://marcellus.info  |    26 |
| Delfina_VonRueden68   | 223 | http://howard.net      |    25 |
| Kenton_Kirlin         |   1 | http://elijah.biz      |    25 |
+-----------------------+-----+------------------------+-------+
257 rows in set (0.04 sec)

mysql> SELECT
    ->    username,
    ->    photos.id,
    ->    photos.image_url,
    ->    COUNT(*) AS total
    -> FROM photos
    -> INNER JOIN likes
    ->    ON likes.photo_id = photos.id
    -> INNER JOIN users
    ->    ON photos.user_id = users.id
    -> GROUP BY photos.id
    -> ORDER BY total DESC
    -> LIMIT 1;
+---------------+-----+---------------------+-------+
| username      | id  | image_url           | total |
+---------------+-----+---------------------+-------+
| Zack_Kemmer93 | 145 | https://jarret.name |    48 |
+---------------+-----+---------------------+-------+
1 row in set (0.02 sec)

mysql>
mysql>
mysql> SELECT
    ->   (SELECT COUNT(*) FROM photos) / (SELECT COUNT(*) FROM users)
    -> AS AVERAGE;
+---------+
| AVERAGE |
+---------+
|  2.5700 |
+---------+
1 row in set (0.03 sec)

mysql>
mysql>
mysql>
mysql> SELECT
    ->   (SELECT COUNT(*) FROM photos) / (SELECT COUNT(*) FROM users)
    -> AS AVG;
+--------+
| AVG    |
+--------+
| 2.5700 |
+--------+
1 row in set (0.02 sec)

mysql>
mysql>
mysql>
mysql> ^S^C
mysql>
mysql>


^C -- query aborted
mysql>
mysql>
mysql>
mysql> SELECT photos.id, photos.image_url, likes.user_id
    -> FROM photos
    -> INNER JOIN likes
    ->    ON likes.photo_id = photos.id;
+-----+------------------------+---------+
| id  | image_url              | user_id |
+-----+------------------------+---------+
|   1 | http://elijah.biz      |       2 |
|   1 | http://elijah.biz      |       5 |
|   1 | http://elijah.biz      |       9 |
|   1 | http://elijah.biz      |      10 |
|   1 | http://elijah.biz      |      11 |
|   1 | http://elijah.biz      |      14 |
|   1 | http://elijah.biz      |      19 |
|   1 | http://elijah.biz      |      21 |
|   1 | http://elijah.biz      |      24 |
|   1 | http://elijah.biz      |      35 |
|   1 | http://elijah.biz      |      36 |
|   1 | http://elijah.biz      |      41 |
|   1 | http://elijah.biz      |      46 |
|   1 | http://elijah.biz      |      47 |
|   1 | http://elijah.biz      |      54 |
|   1 | http://elijah.biz      |      55 |
|   1 | http://elijah.biz      |      57 |
|   1 | http://elijah.biz      |      66 |
|   1 | http://elijah.biz      |      69 |
|   1 | http://elijah.biz      |      71 |
|   1 | http://elijah.biz      |      75 |
|   1 | http://elijah.biz      |      76 |
|   1 | http://elijah.biz      |      78 |
|   1 | http://elijah.biz      |      82 |
|   1 | http://elijah.biz      |      91 |
|   2 | https://shanon.org     |       3 |
|   2 | https://shanon.org     |       5 |
|   2 | https://shanon.org     |       6 |
|   2 | https://shanon.org     |       8 |
|   2 | https://shanon.org     |      14 |
|   2 | https://shanon.org     |      17 |
|   2 | https://shanon.org     |      19 |
|   2 | https://shanon.org     |      21 |
|   2 | https://shanon.org     |      24 |
|   2 | https://shanon.org     |      26 |
|   2 | https://shanon.org     |      27 |
|   2 | https://shanon.org     |      30 |
|   2 | https://shanon.org     |      31 |
|   2 | https://shanon.org     |      33 |
|   2 | https://shanon.org     |      36 |
|   2 | https://shanon.org     |      38 |
|   2 | https://shanon.org     |      40 |
|   2 | https://shanon.org     |      41 |
|   2 | https://shanon.org     |      44 |
|   2 | https://shanon.org     |      52 |
|   2 | https://shanon.org     |      54 |
|   2 | https://shanon.org     |      56 |
|   2 | https://shanon.org     |      57 |
|   2 | https://shanon.org     |      62 |
|   2 | https://shanon.org     |      63 |
|   2 | https://shanon.org     |      66 |
|   2 | https://shanon.org     |      71 |
|   2 | https://shanon.org     |      75 |
|   2 | https://shanon.org     |      76 |
|   2 | https://shanon.org     |      82 |
|   2 | https://shanon.org     |      87 |
|   2 | https://shanon.org     |      91 |
|   2 | https://shanon.org     |      92 |
|   2 | https://shanon.org     |      94 |
|   2 | https://shanon.org     |      95 |
|   2 | https://shanon.org     |      96 |
|   3 | http://vicky.biz       |       4 |
|   3 | http://vicky.biz       |       5 |
|   3 | http://vicky.biz       |      12 |
|   3 | http://vicky.biz       |      14 |
|   3 | http://vicky.biz       |      15 |
|   3 | http://vicky.biz       |      20 |
|   3 | http://vicky.biz       |      21 |
|   3 | http://vicky.biz       |      24 |
|   3 | http://vicky.biz       |      27 |
|   3 | http://vicky.biz       |      28 |
|   3 | http://vicky.biz       |      33 |
|   3 | http://vicky.biz       |      36 |
|   3 | http://vicky.biz       |      37 |
|   3 | http://vicky.biz       |      41 |
|   3 | http://vicky.biz       |      42 |
|   3 | http://vicky.biz       |      43 |
|   3 | http://vicky.biz       |      44 |
|   3 | http://vicky.biz       |      46 |
|   3 | http://vicky.biz       |      50 |
|   3 | http://vicky.biz       |      52 |
|   3 | http://vicky.biz       |      54 |
|   3 | http://vicky.biz       |      57 |
|   3 | http://vicky.biz       |      60 |
|   3 | http://vicky.biz       |      61 |
|   3 | http://vicky.biz       |      65 |
|   3 | http://vicky.biz       |      66 |
|   3 | http://vicky.biz       |      69 |
|   3 | http://vicky.biz       |      70 |
|   3 | http://vicky.biz       |      71 |
|   3 | http://vicky.biz       |      75 |
|   3 | http://vicky.biz       |      76 |
|   3 | http://vicky.biz       |      82 |
|   3 | http://vicky.biz       |      87 |
|   3 | http://vicky.biz       |      91 |
|   3 | http://vicky.biz       |      93 |
|   3 | http://vicky.biz       |      95 |
|   3 | http://vicky.biz       |      99 |
|   3 | http://vicky.biz       |     100 |
|   4 | http://oleta.net       |       2 |
|   4 | http://oleta.net       |       4 |
|   4 | http://oleta.net       |       5 |
|   4 | http://oleta.net       |      10 |
|   4 | http://oleta.net       |      11 |
|   4 | http://oleta.net       |      12 |
|   4 | http://oleta.net       |      13 |
|   4 | http://oleta.net       |      14 |
|   4 | http://oleta.net       |      15 |
|   4 | http://oleta.net       |      17 |
|   4 | http://oleta.net       |      20 |
|   4 | http://oleta.net       |      21 |
|   4 | http://oleta.net       |      24 |
|   4 | http://oleta.net       |      28 |
|   4 | http://oleta.net       |      31 |
|   4 | http://oleta.net       |      36 |
|   4 | http://oleta.net       |      41 |
|   4 | http://oleta.net       |      43 |
|   4 | http://oleta.net       |      46 |
|   4 | http://oleta.net       |      52 |
|   4 | http://oleta.net       |      54 |
|   4 | http://oleta.net       |      56 |
|   4 | http://oleta.net       |      57 |
|   4 | http://oleta.net       |      62 |
|   4 | http://oleta.net       |      66 |
|   4 | http://oleta.net       |      70 |
|   4 | http://oleta.net       |      71 |
|   4 | http://oleta.net       |      72 |
|   4 | http://oleta.net       |      75 |
|   4 | http://oleta.net       |      76 |
|   4 | http://oleta.net       |      78 |
|   4 | http://oleta.net       |      84 |
|   4 | http://oleta.net       |      85 |
|   4 | http://oleta.net       |      87 |
|   4 | http://oleta.net       |      91 |
|   4 | http://oleta.net       |      92 |
|   4 | http://oleta.net       |      96 |
|   4 | http://oleta.net       |      99 |
|   5 | https://jennings.biz   |       4 |
|   5 | https://jennings.biz   |       5 |
|   5 | https://jennings.biz   |       6 |
|   5 | https://jennings.biz   |      11 |
|   5 | https://jennings.biz   |      14 |
|   5 | https://jennings.biz   |      17 |
|   5 | https://jennings.biz   |      21 |
|   5 | https://jennings.biz   |      24 |
|   5 | https://jennings.biz   |      26 |
|   5 | https://jennings.biz   |      28 |
|   5 | https://jennings.biz   |      32 |
|   5 | https://jennings.biz   |      33 |
|   5 | https://jennings.biz   |      36 |
|   5 | https://jennings.biz   |      37 |
|   5 | https://jennings.biz   |      41 |
|   5 | https://jennings.biz   |      42 |
|   5 | https://jennings.biz   |      43 |
|   5 | https://jennings.biz   |      44 |
|   5 | https://jennings.biz   |      47 |
|   5 | https://jennings.biz   |      54 |
|   5 | https://jennings.biz   |      55 |
|   5 | https://jennings.biz   |      57 |
|   5 | https://jennings.biz   |      66 |
|   5 | https://jennings.biz   |      71 |
|   5 | https://jennings.biz   |      75 |
|   5 | https://jennings.biz   |      76 |
|   5 | https://jennings.biz   |      78 |
|   5 | https://jennings.biz   |      82 |
|   5 | https://jennings.biz   |      91 |
|   5 | https://jennings.biz   |      92 |
|   5 | https://jennings.biz   |      99 |
|   6 | https://quinn.biz      |       4 |
|   6 | https://quinn.biz      |       5 |
|   6 | https://quinn.biz      |      14 |
|   6 | https://quinn.biz      |      16 |
|   6 | https://quinn.biz      |      19 |
|   6 | https://quinn.biz      |      21 |
|   6 | https://quinn.biz      |      24 |
|   6 | https://quinn.biz      |      27 |
|   6 | https://quinn.biz      |      30 |
|   6 | https://quinn.biz      |      31 |
|   6 | https://quinn.biz      |      32 |
|   6 | https://quinn.biz      |      36 |
|   6 | https://quinn.biz      |      38 |
|   6 | https://quinn.biz      |      41 |
|   6 | https://quinn.biz      |      43 |
|   6 | https://quinn.biz      |      46 |
|   6 | https://quinn.biz      |      54 |
|   6 | https://quinn.biz      |      57 |
|   6 | https://quinn.biz      |      61 |
|   6 | https://quinn.biz      |      62 |
|   6 | https://quinn.biz      |      66 |
|   6 | https://quinn.biz      |      69 |
|   6 | https://quinn.biz      |      71 |
|   6 | https://quinn.biz      |      75 |
|   6 | https://quinn.biz      |      76 |
|   6 | https://quinn.biz      |      85 |
|   6 | https://quinn.biz      |      87 |
|   6 | https://quinn.biz      |      91 |
|   6 | https://quinn.biz      |      93 |
|   6 | https://quinn.biz      |      94 |
|   6 | https://quinn.biz      |     100 |
|   7 | https://selina.name    |       3 |
|   7 | https://selina.name    |       4 |
|   7 | https://selina.name    |       5 |
|   7 | https://selina.name    |       9 |
|   7 | https://selina.name    |      12 |
|   7 | https://selina.name    |      14 |
|   7 | https://selina.name    |      16 |
|   7 | https://selina.name    |      19 |
|   7 | https://selina.name    |      21 |
|   7 | https://selina.name    |      24 |
|   7 | https://selina.name    |      26 |
|   7 | https://selina.name    |      27 |
|   7 | https://selina.name    |      31 |
|   7 | https://selina.name    |      35 |
|   7 | https://selina.name    |      36 |
|   7 | https://selina.name    |      37 |
|   7 | https://selina.name    |      39 |
|   7 | https://selina.name    |      41 |
|   7 | https://selina.name    |      43 |
|   7 | https://selina.name    |      44 |
|   7 | https://selina.name    |      50 |
|   7 | https://selina.name    |      54 |
|   7 | https://selina.name    |      55 |
|   7 | https://selina.name    |      57 |
|   7 | https://selina.name    |      63 |
|   7 | https://selina.name    |      66 |
|   7 | https://selina.name    |      71 |
|   7 | https://selina.name    |      72 |
|   7 | https://selina.name    |      73 |
|   7 | https://selina.name    |      75 |
|   7 | https://selina.name    |      76 |
|   7 | https://selina.name    |      84 |
|   7 | https://selina.name    |      87 |
|   7 | https://selina.name    |      91 |
|   7 | https://selina.name    |      92 |
|   7 | https://selina.name    |      93 |
|   7 | https://selina.name    |      98 |
|   7 | https://selina.name    |      99 |
|   8 | http://malvina.org     |       2 |
|   8 | http://malvina.org     |       5 |
|   8 | http://malvina.org     |      14 |
|   8 | http://malvina.org     |      16 |
|   8 | http://malvina.org     |      19 |
|   8 | http://malvina.org     |      21 |
|   8 | http://malvina.org     |      22 |
|   8 | http://malvina.org     |      24 |
|   8 | http://malvina.org     |      31 |
|   8 | http://malvina.org     |      32 |
|   8 | http://malvina.org     |      33 |
|   8 | http://malvina.org     |      35 |
|   8 | http://malvina.org     |      36 |
|   8 | http://malvina.org     |      37 |
|   8 | http://malvina.org     |      41 |
|   8 | http://malvina.org     |      52 |
|   8 | http://malvina.org     |      54 |
|   8 | http://malvina.org     |      57 |
|   8 | http://malvina.org     |      66 |
|   8 | http://malvina.org     |      70 |
|   8 | http://malvina.org     |      71 |
|   8 | http://malvina.org     |      73 |
|   8 | http://malvina.org     |      75 |
|   8 | http://malvina.org     |      76 |
|   8 | http://malvina.org     |      91 |
|   8 | http://malvina.org     |      92 |
|   8 | http://malvina.org     |      97 |
|   9 | https://branson.biz    |       2 |
|   9 | https://branson.biz    |       3 |
|   9 | https://branson.biz    |       5 |
|   9 | https://branson.biz    |       6 |
|   9 | https://branson.biz    |      14 |
|   9 | https://branson.biz    |      15 |
|   9 | https://branson.biz    |      16 |
|   9 | https://branson.biz    |      19 |
|   9 | https://branson.biz    |      21 |
|   9 | https://branson.biz    |      24 |
|   9 | https://branson.biz    |      26 |
|   9 | https://branson.biz    |      33 |
|   9 | https://branson.biz    |      36 |
|   9 | https://branson.biz    |      41 |
|   9 | https://branson.biz    |      48 |
|   9 | https://branson.biz    |      50 |
|   9 | https://branson.biz    |      54 |
|   9 | https://branson.biz    |      56 |
|   9 | https://branson.biz    |      57 |
|   9 | https://branson.biz    |      62 |
|   9 | https://branson.biz    |      66 |
|   9 | https://branson.biz    |      71 |
|   9 | https://branson.biz    |      73 |
|   9 | https://branson.biz    |      75 |
|   9 | https://branson.biz    |      76 |
|   9 | https://branson.biz    |      78 |
|   9 | https://branson.biz    |      79 |
|   9 | https://branson.biz    |      91 |
|   9 | https://branson.biz    |      95 |
|   9 | https://branson.biz    |      96 |
|   9 | https://branson.biz    |     100 |
|  10 | https://elenor.name    |       2 |
|  10 | https://elenor.name    |       4 |
|  10 | https://elenor.name    |       5 |
|  10 | https://elenor.name    |       9 |
|  10 | https://elenor.name    |      10 |
|  10 | https://elenor.name    |      14 |
|  10 | https://elenor.name    |      17 |
|  10 | https://elenor.name    |      19 |
|  10 | https://elenor.name    |      20 |
|  10 | https://elenor.name    |      21 |
|  10 | https://elenor.name    |      24 |
|  10 | https://elenor.name    |      26 |
|  10 | https://elenor.name    |      27 |
|  10 | https://elenor.name    |      28 |
|  10 | https://elenor.name    |      35 |
|  10 | https://elenor.name    |      36 |
|  10 | https://elenor.name    |      38 |
|  10 | https://elenor.name    |      41 |
|  10 | https://elenor.name    |      42 |
|  10 | https://elenor.name    |      44 |
|  10 | https://elenor.name    |      54 |
|  10 | https://elenor.name    |      57 |
|  10 | https://elenor.name    |      66 |
|  10 | https://elenor.name    |      70 |
|  10 | https://elenor.name    |      71 |
|  10 | https://elenor.name    |      75 |
|  10 | https://elenor.name    |      76 |
|  10 | https://elenor.name    |      79 |
|  10 | https://elenor.name    |      91 |
|  10 | https://elenor.name    |      95 |
|  11 | https://marcelino.com  |       2 |
|  11 | https://marcelino.com  |       5 |
|  11 | https://marcelino.com  |       6 |
|  11 | https://marcelino.com  |      10 |
|  11 | https://marcelino.com  |      14 |
|  11 | https://marcelino.com  |      17 |
|  11 | https://marcelino.com  |      20 |
|  11 | https://marcelino.com  |      21 |
|  11 | https://marcelino.com  |      24 |
|  11 | https://marcelino.com  |      28 |
|  11 | https://marcelino.com  |      33 |
|  11 | https://marcelino.com  |      35 |
|  11 | https://marcelino.com  |      36 |
|  11 | https://marcelino.com  |      41 |
|  11 | https://marcelino.com  |      42 |
|  11 | https://marcelino.com  |      44 |
|  11 | https://marcelino.com  |      46 |
|  11 | https://marcelino.com  |      50 |
|  11 | https://marcelino.com  |      54 |
|  11 | https://marcelino.com  |      57 |
|  11 | https://marcelino.com  |      61 |
|  11 | https://marcelino.com  |      66 |
|  11 | https://marcelino.com  |      67 |
|  11 | https://marcelino.com  |      70 |
|  11 | https://marcelino.com  |      71 |
|  11 | https://marcelino.com  |      75 |
|  11 | https://marcelino.com  |      76 |
|  11 | https://marcelino.com  |      78 |
|  11 | https://marcelino.com  |      79 |
|  11 | https://marcelino.com  |      91 |
|  11 | https://marcelino.com  |      93 |
|  11 | https://marcelino.com  |      96 |
|  11 | https://marcelino.com  |      97 |
|  12 | http://felicity.name   |       2 |
|  12 | http://felicity.name   |       5 |
|  12 | http://felicity.name   |      12 |
|  12 | http://felicity.name   |      13 |
|  12 | http://felicity.name   |      14 |
|  12 | http://felicity.name   |      20 |
|  12 | http://felicity.name   |      21 |
|  12 | http://felicity.name   |      24 |
|  12 | http://felicity.name   |      32 |
|  12 | http://felicity.name   |      36 |
|  12 | http://felicity.name   |      41 |
|  12 | http://felicity.name   |      43 |
|  12 | http://felicity.name   |      44 |
|  12 | http://felicity.name   |      47 |
|  12 | http://felicity.name   |      48 |
|  12 | http://felicity.name   |      50 |
|  12 | http://felicity.name   |      54 |
|  12 | http://felicity.name   |      56 |
|  12 | http://felicity.name   |      57 |
|  12 | http://felicity.name   |      60 |
|  12 | http://felicity.name   |      66 |
|  12 | http://felicity.name   |      67 |
|  12 | http://felicity.name   |      71 |
|  12 | http://felicity.name   |      72 |
|  12 | http://felicity.name   |      75 |
|  12 | http://felicity.name   |      76 |
|  12 | http://felicity.name   |      82 |
|  12 | http://felicity.name   |      91 |
|  12 | http://felicity.name   |      94 |
|  13 | https://fred.com       |       2 |
|  13 | https://fred.com       |       5 |
|  13 | https://fred.com       |       6 |
|  13 | https://fred.com       |      11 |
|  13 | https://fred.com       |      13 |
|  13 | https://fred.com       |      14 |
|  13 | https://fred.com       |      16 |
|  13 | https://fred.com       |      18 |
|  13 | https://fred.com       |      19 |
|  13 | https://fred.com       |      20 |
|  13 | https://fred.com       |      21 |
|  13 | https://fred.com       |      24 |
|  13 | https://fred.com       |      27 |
|  13 | https://fred.com       |      28 |
|  13 | https://fred.com       |      32 |
|  13 | https://fred.com       |      33 |
|  13 | https://fred.com       |      36 |
|  13 | https://fred.com       |      38 |
|  13 | https://fred.com       |      40 |
|  13 | https://fred.com       |      41 |
|  13 | https://fred.com       |      42 |
|  13 | https://fred.com       |      44 |
|  13 | https://fred.com       |      48 |
|  13 | https://fred.com       |      52 |
|  13 | https://fred.com       |      54 |
|  13 | https://fred.com       |      57 |
|  13 | https://fred.com       |      60 |
|  13 | https://fred.com       |      65 |
|  13 | https://fred.com       |      66 |
|  13 | https://fred.com       |      69 |
|  13 | https://fred.com       |      71 |
|  13 | https://fred.com       |      75 |
|  13 | https://fred.com       |      76 |
|  13 | https://fred.com       |      79 |
|  13 | https://fred.com       |      87 |
|  13 | https://fred.com       |      91 |
|  13 | https://fred.com       |      92 |
|  13 | https://fred.com       |      95 |
|  13 | https://fred.com       |      98 |
|  13 | https://fred.com       |      99 |
|  14 | https://gerhard.biz    |       5 |
|  14 | https://gerhard.biz    |      11 |
|  14 | https://gerhard.biz    |      13 |
|  14 | https://gerhard.biz    |      14 |
|  14 | https://gerhard.biz    |      16 |
|  14 | https://gerhard.biz    |      17 |
|  14 | https://gerhard.biz    |      19 |
|  14 | https://gerhard.biz    |      21 |
|  14 | https://gerhard.biz    |      24 |
|  14 | https://gerhard.biz    |      28 |
|  14 | https://gerhard.biz    |      31 |
|  14 | https://gerhard.biz    |      32 |
|  14 | https://gerhard.biz    |      33 |
|  14 | https://gerhard.biz    |      35 |
|  14 | https://gerhard.biz    |      36 |
|  14 | https://gerhard.biz    |      37 |
|  14 | https://gerhard.biz    |      38 |
|  14 | https://gerhard.biz    |      41 |
|  14 | https://gerhard.biz    |      42 |
|  14 | https://gerhard.biz    |      48 |
|  14 | https://gerhard.biz    |      54 |
|  14 | https://gerhard.biz    |      57 |
|  14 | https://gerhard.biz    |      61 |
|  14 | https://gerhard.biz    |      62 |
|  14 | https://gerhard.biz    |      66 |
|  14 | https://gerhard.biz    |      69 |
|  14 | https://gerhard.biz    |      71 |
|  14 | https://gerhard.biz    |      75 |
|  14 | https://gerhard.biz    |      76 |
|  14 | https://gerhard.biz    |      79 |
|  14 | https://gerhard.biz    |      84 |
|  14 | https://gerhard.biz    |      91 |
|  14 | https://gerhard.biz    |      92 |
|  14 | https://gerhard.biz    |      94 |
|  14 | https://gerhard.biz    |      98 |
|  15 | https://sherwood.net   |       2 |
|  15 | https://sherwood.net   |       5 |
|  15 | https://sherwood.net   |      10 |
|  15 | https://sherwood.net   |      14 |
|  15 | https://sherwood.net   |      15 |
|  15 | https://sherwood.net   |      16 |
|  15 | https://sherwood.net   |      19 |
|  15 | https://sherwood.net   |      20 |
|  15 | https://sherwood.net   |      21 |
|  15 | https://sherwood.net   |      24 |
|  15 | https://sherwood.net   |      26 |
|  15 | https://sherwood.net   |      27 |
|  15 | https://sherwood.net   |      28 |
|  15 | https://sherwood.net   |      32 |
|  15 | https://sherwood.net   |      36 |
|  15 | https://sherwood.net   |      41 |
|  15 | https://sherwood.net   |      42 |
|  15 | https://sherwood.net   |      47 |
|  15 | https://sherwood.net   |      50 |
|  15 | https://sherwood.net   |      54 |
|  15 | https://sherwood.net   |      56 |
|  15 | https://sherwood.net   |      57 |
|  15 | https://sherwood.net   |      66 |
|  15 | https://sherwood.net   |      70 |
|  15 | https://sherwood.net   |      71 |
|  15 | https://sherwood.net   |      72 |
|  15 | https://sherwood.net   |      75 |
|  15 | https://sherwood.net   |      76 |
|  15 | https://sherwood.net   |      79 |
|  15 | https://sherwood.net   |      91 |
|  15 | https://sherwood.net   |      93 |
|  15 | https://sherwood.net   |      98 |
|  15 | https://sherwood.net   |      99 |
|  15 | https://sherwood.net   |     100 |
|  16 | https://maudie.org     |       5 |
|  16 | https://maudie.org     |       8 |
|  16 | https://maudie.org     |      10 |
|  16 | https://maudie.org     |      14 |
|  16 | https://maudie.org     |      17 |
|  16 | https://maudie.org     |      20 |
|  16 | https://maudie.org     |      21 |
|  16 | https://maudie.org     |      22 |
|  16 | https://maudie.org     |      24 |
|  16 | https://maudie.org     |      30 |
|  16 | https://maudie.org     |      36 |
|  16 | https://maudie.org     |      37 |
|  16 | https://maudie.org     |      39 |
|  16 | https://maudie.org     |      40 |
|  16 | https://maudie.org     |      41 |
|  16 | https://maudie.org     |      42 |
|  16 | https://maudie.org     |      43 |
|  16 | https://maudie.org     |      44 |
|  16 | https://maudie.org     |      47 |
|  16 | https://maudie.org     |      52 |
|  16 | https://maudie.org     |      54 |
|  16 | https://maudie.org     |      56 |
|  16 | https://maudie.org     |      57 |
|  16 | https://maudie.org     |      60 |
|  16 | https://maudie.org     |      61 |
|  16 | https://maudie.org     |      66 |
|  16 | https://maudie.org     |      69 |
|  16 | https://maudie.org     |      71 |
|  16 | https://maudie.org     |      72 |
|  16 | https://maudie.org     |      73 |
|  16 | https://maudie.org     |      75 |
|  16 | https://maudie.org     |      76 |
|  16 | https://maudie.org     |      91 |
|  16 | https://maudie.org     |      93 |
|  16 | https://maudie.org     |      95 |
|  16 | https://maudie.org     |      96 |
|  16 | https://maudie.org     |     100 |
|  17 | http://annamae.name    |       4 |
|  17 | http://annamae.name    |       5 |
|  17 | http://annamae.name    |      11 |
|  17 | http://annamae.name    |      14 |
|  17 | http://annamae.name    |      16 |
|  17 | http://annamae.name    |      21 |
|  17 | http://annamae.name    |      24 |
|  17 | http://annamae.name    |      27 |
|  17 | http://annamae.name    |      28 |
|  17 | http://annamae.name    |      30 |
|  17 | http://annamae.name    |      36 |
|  17 | http://annamae.name    |      37 |
|  17 | http://annamae.name    |      41 |
|  17 | http://annamae.name    |      44 |
|  17 | http://annamae.name    |      48 |
|  17 | http://annamae.name    |      52 |
|  17 | http://annamae.name    |      54 |
|  17 | http://annamae.name    |      55 |
|  17 | http://annamae.name    |      57 |
|  17 | http://annamae.name    |      60 |
|  17 | http://annamae.name    |      61 |
|  17 | http://annamae.name    |      63 |
|  17 | http://annamae.name    |      65 |
|  17 | http://annamae.name    |      66 |
|  17 | http://annamae.name    |      71 |
|  17 | http://annamae.name    |      75 |
|  17 | http://annamae.name    |      76 |
|  17 | http://annamae.name    |      78 |
|  17 | http://annamae.name    |      79 |
|  17 | http://annamae.name    |      82 |
|  17 | http://annamae.name    |      91 |
|  17 | http://annamae.name    |      93 |
|  17 | http://annamae.name    |      94 |
|  17 | http://annamae.name    |      97 |
|  17 | http://annamae.name    |      98 |
|  17 | http://annamae.name    |      99 |
|  18 | https://mac.org        |       5 |
|  18 | https://mac.org        |      10 |
|  18 | https://mac.org        |      12 |
|  18 | https://mac.org        |      14 |
|  18 | https://mac.org        |      18 |
|  18 | https://mac.org        |      21 |
|  18 | https://mac.org        |      22 |
|  18 | https://mac.org        |      24 |
|  18 | https://mac.org        |      31 |
|  18 | https://mac.org        |      36 |
|  18 | https://mac.org        |      41 |
|  18 | https://mac.org        |      46 |
|  18 | https://mac.org        |      47 |
|  18 | https://mac.org        |      48 |
|  18 | https://mac.org        |      54 |
|  18 | https://mac.org        |      57 |
|  18 | https://mac.org        |      61 |
|  18 | https://mac.org        |      62 |
|  18 | https://mac.org        |      66 |
|  18 | https://mac.org        |      71 |
|  18 | https://mac.org        |      73 |
|  18 | https://mac.org        |      75 |
|  18 | https://mac.org        |      76 |
|  18 | https://mac.org        |      82 |
|  18 | https://mac.org        |      84 |
|  18 | https://mac.org        |      85 |
|  18 | https://mac.org        |      87 |
|  18 | https://mac.org        |      91 |
|  18 | https://mac.org        |      95 |
|  18 | https://mac.org        |      96 |
|  18 | https://mac.org        |      98 |
|  19 | http://miracle.info    |       4 |
|  19 | http://miracle.info    |       5 |
|  19 | http://miracle.info    |       6 |
|  19 | http://miracle.info    |      10 |
|  19 | http://miracle.info    |      13 |
|  19 | http://miracle.info    |      14 |
|  19 | http://miracle.info    |      20 |
|  19 | http://miracle.info    |      21 |
|  19 | http://miracle.info    |      24 |
|  19 | http://miracle.info    |      28 |
|  19 | http://miracle.info    |      31 |
|  19 | http://miracle.info    |      36 |
|  19 | http://miracle.info    |      38 |
|  19 | http://miracle.info    |      40 |
|  19 | http://miracle.info    |      41 |
|  19 | http://miracle.info    |      42 |
|  19 | http://miracle.info    |      50 |
|  19 | http://miracle.info    |      52 |
|  19 | http://miracle.info    |      54 |
|  19 | http://miracle.info    |      55 |
|  19 | http://miracle.info    |      57 |
|  19 | http://miracle.info    |      60 |
|  19 | http://miracle.info    |      61 |
|  19 | http://miracle.info    |      62 |
|  19 | http://miracle.info    |      66 |
|  19 | http://miracle.info    |      69 |
|  19 | http://miracle.info    |      71 |
|  19 | http://miracle.info    |      72 |
|  19 | http://miracle.info    |      75 |
|  19 | http://miracle.info    |      76 |
|  19 | http://miracle.info    |      85 |
|  19 | http://miracle.info    |      91 |
|  19 | http://miracle.info    |      92 |
|  19 | http://miracle.info    |      94 |
|  19 | http://miracle.info    |      95 |
|  20 | http://emmet.com       |       4 |
|  20 | http://emmet.com       |       5 |
|  20 | http://emmet.com       |       9 |
|  20 | http://emmet.com       |      12 |
|  20 | http://emmet.com       |      14 |
|  20 | http://emmet.com       |      16 |
|  20 | http://emmet.com       |      17 |
|  20 | http://emmet.com       |      20 |
|  20 | http://emmet.com       |      21 |
|  20 | http://emmet.com       |      24 |
|  20 | http://emmet.com       |      28 |
|  20 | http://emmet.com       |      31 |
|  20 | http://emmet.com       |      36 |
|  20 | http://emmet.com       |      41 |
|  20 | http://emmet.com       |      44 |
|  20 | http://emmet.com       |      48 |
|  20 | http://emmet.com       |      54 |
|  20 | http://emmet.com       |      57 |
|  20 | http://emmet.com       |      63 |
|  20 | http://emmet.com       |      65 |
|  20 | http://emmet.com       |      66 |
|  20 | http://emmet.com       |      67 |
|  20 | http://emmet.com       |      69 |
|  20 | http://emmet.com       |      70 |
|  20 | http://emmet.com       |      71 |
|  20 | http://emmet.com       |      75 |
|  20 | http://emmet.com       |      76 |
|  20 | http://emmet.com       |      82 |
|  20 | http://emmet.com       |      85 |
|  20 | http://emmet.com       |      87 |
|  20 | http://emmet.com       |      91 |
|  20 | http://emmet.com       |      94 |
|  20 | http://emmet.com       |      96 |
|  20 | http://emmet.com       |      97 |
|  20 | http://emmet.com       |     100 |
|  21 | https://lisa.com       |       5 |
|  21 | https://lisa.com       |       9 |
|  21 | https://lisa.com       |      10 |
|  21 | https://lisa.com       |      14 |
|  21 | https://lisa.com       |      17 |
|  21 | https://lisa.com       |      18 |
|  21 | https://lisa.com       |      20 |
|  21 | https://lisa.com       |      21 |
|  21 | https://lisa.com       |      22 |
|  21 | https://lisa.com       |      24 |
|  21 | https://lisa.com       |      26 |
|  21 | https://lisa.com       |      33 |
|  21 | https://lisa.com       |      36 |
|  21 | https://lisa.com       |      37 |
